16:27:06 **** Incremental Build of configuration Debug for project ur ****
make pre-build main-build 
a9-linaro-pre-build-step
' '
'Building file: ../src/main_v2_impl.c'
'Invoking: ARM v7 gcc compiler'
arm-none-eabi-gcc -Wall -O0 -g3 -c -fmessage-length=0 -MT"src/main_v2_impl.o" -mcpu=cortex-a9 -mfpu=vfpv3 -mfloat-abi=hard -I../../ur_bsp/ps7_cortexa9_0/include -MMD -MP -MF"src/main_v2_impl.d" -MT"src/main_v2_impl.o" -o "src/main_v2_impl.o" "../src/main_v2_impl.c"
../src/main_v2_impl.c:13:23: fatal error: xil_print.h: No such file or directory
compilation terminated.
make: *** [src/main_v2_impl.o] Error 1
16:27:24 **** Auto Build of configuration Debug for project ur ****
make pre-build main-build 
a9-linaro-pre-build-step
' '
'Building file: ../src/main_v2_impl.c'
'Invoking: ARM v7 gcc compiler'
arm-none-eabi-gcc -Wall -O0 -g3 -c -fmessage-length=0 -MT"src/main_v2_impl.o" -mcpu=cortex-a9 -mfpu=vfpv3 -mfloat-abi=hard -I../../ur_bsp/ps7_cortexa9_0/include -MMD -MP -MF"src/main_v2_impl.d" -MT"src/main_v2_impl.o" -o "src/main_v2_impl.o" "../src/main_v2_impl.c"
../src/main_v2_impl.c: In function 'updateProgram':
../src/main_v2_impl.c:259:5: error: case label does not reduce to an integer constant
     case programs: // Alarming
     ^
../src/main_v2_impl.c: In function 'printDisplay':
../src/main_v2_impl.c:387:9: error: too many arguments to function 'print'
         print("%c",display[j][i]);
         ^
In file included from ../../ur_bsp/ps7_cortexa9_0/include/xil_io.h:63:0,
                 from ../../ur_bsp/ps7_cortexa9_0/include/xgpio_l.h:87,
                 from ../../ur_bsp/ps7_cortexa9_0/include/xgpio.h:128,
                 from ../src/main_v2_impl.c:9:
../../ur_bsp/ps7_cortexa9_0/include/xil_printf.h:36:6: note: declared here
 void print( const char8 *ptr);
      ^
../src/main_v2_impl.c: In function 'setCharDisplay':
../src/main_v2_impl.c:405:8: warning: unused variable 'outputDigit' [-Wunused-variable]
   char outputDigit[7][5];
        ^
make: *** [src/main_v2_impl.o] Error 1
16:43:59 **** Auto Build of configuration Debug for project ur ****
make pre-build main-build 
a9-linaro-pre-build-step
' '
'Building file: ../src/main_v2_impl.c'
'Invoking: ARM v7 gcc compiler'
arm-none-eabi-gcc -Wall -O0 -g3 -c -fmessage-length=0 -MT"src/main_v2_impl.o" -mcpu=cortex-a9 -mfpu=vfpv3 -mfloat-abi=hard -I../../ur_bsp/ps7_cortexa9_0/include -MMD -MP -MF"src/main_v2_impl.d" -MT"src/main_v2_impl.o" -o "src/main_v2_impl.o" "../src/main_v2_impl.c"
../src/main_v2_impl.c: In function 'printDisplay':
../src/main_v2_impl.c:387:9: error: too many arguments to function 'print'
         print("%c",display[j][i]);
         ^
In file included from ../../ur_bsp/ps7_cortexa9_0/include/xil_io.h:63:0,
                 from ../../ur_bsp/ps7_cortexa9_0/include/xgpio_l.h:87,
                 from ../../ur_bsp/ps7_cortexa9_0/include/xgpio.h:128,
                 from ../src/main_v2_impl.c:9:
../../ur_bsp/ps7_cortexa9_0/include/xil_printf.h:36:6: note: declared here
 void print( const char8 *ptr);
      ^
../src/main_v2_impl.c: In function 'setCharDisplay':
../src/main_v2_impl.c:405:8: warning: unused variable 'outputDigit' [-Wunused-variable]
   char outputDigit[7][5];
        ^
make: *** [src/main_v2_impl.o] Error 1
16:50:01 **** Auto Build of configuration Debug for project ur ****
make pre-build main-build 
a9-linaro-pre-build-step
' '
'Building file: ../src/main_v2_impl.c'
'Invoking: ARM v7 gcc compiler'
arm-none-eabi-gcc -Wall -O0 -g3 -c -fmessage-length=0 -MT"src/main_v2_impl.o" -mcpu=cortex-a9 -mfpu=vfpv3 -mfloat-abi=hard -I../../ur_bsp/ps7_cortexa9_0/include -MMD -MP -MF"src/main_v2_impl.d" -MT"src/main_v2_impl.o" -o "src/main_v2_impl.o" "../src/main_v2_impl.c"
../src/main_v2_impl.c: In function 'printDisplay':
../src/main_v2_impl.c:387:20: error: invalid initializer
         char c[] = display[j][i];
                    ^
../src/main_v2_impl.c:388:8: error: too many arguments to function 'print'
        print("%c", c);
        ^
In file included from ../../ur_bsp/ps7_cortexa9_0/include/xil_io.h:63:0,
                 from ../../ur_bsp/ps7_cortexa9_0/include/xgpio_l.h:87,
                 from ../../ur_bsp/ps7_cortexa9_0/include/xgpio.h:128,
                 from ../src/main_v2_impl.c:9:
../../ur_bsp/ps7_cortexa9_0/include/xil_printf.h:36:6: note: declared here
 void print( const char8 *ptr);
      ^
../src/main_v2_impl.c: In function 'setCharDisplay':
../src/main_v2_impl.c:406:8: warning: unused variable 'outputDigit' [-Wunused-variable]
   char outputDigit[7][5];
        ^
make: *** [src/main_v2_impl.o] Error 1
16:51:33 **** Auto Build of configuration Debug for project ur ****
make pre-build main-build 
a9-linaro-pre-build-step
' '
'Building file: ../src/main_v2_impl.c'
'Invoking: ARM v7 gcc compiler'
arm-none-eabi-gcc -Wall -O0 -g3 -c -fmessage-length=0 -MT"src/main_v2_impl.o" -mcpu=cortex-a9 -mfpu=vfpv3 -mfloat-abi=hard -I../../ur_bsp/ps7_cortexa9_0/include -MMD -MP -MF"src/main_v2_impl.d" -MT"src/main_v2_impl.o" -o "src/main_v2_impl.o" "../src/main_v2_impl.c"
../src/main_v2_impl.c: In function 'printDisplay':
../src/main_v2_impl.c:387:30: error: expected expression before '[' token
         char c[] = "display"+[j]+[i];
                              ^
../src/main_v2_impl.c:388:8: error: too many arguments to function 'print'
        print("%c", c);
        ^
In file included from ../../ur_bsp/ps7_cortexa9_0/include/xil_io.h:63:0,
                 from ../../ur_bsp/ps7_cortexa9_0/include/xgpio_l.h:87,
                 from ../../ur_bsp/ps7_cortexa9_0/include/xgpio.h:128,
                 from ../src/main_v2_impl.c:9:
../../ur_bsp/ps7_cortexa9_0/include/xil_printf.h:36:6: note: declared here
 void print( const char8 *ptr);
      ^
../src/main_v2_impl.c: In function 'setCharDisplay':
../src/main_v2_impl.c:406:8: warning: unused variable 'outputDigit' [-Wunused-variable]
   char outputDigit[7][5];
        ^
make: *** [src/main_v2_impl.o] Error 1
16:53:24 **** Auto Build of configuration Debug for project ur ****
make pre-build main-build 
a9-linaro-pre-build-step
' '
'Building file: ../src/main_v2_impl.c'
'Invoking: ARM v7 gcc compiler'
arm-none-eabi-gcc -Wall -O0 -g3 -c -fmessage-length=0 -MT"src/main_v2_impl.o" -mcpu=cortex-a9 -mfpu=vfpv3 -mfloat-abi=hard -I../../ur_bsp/ps7_cortexa9_0/include -MMD -MP -MF"src/main_v2_impl.d" -MT"src/main_v2_impl.o" -o "src/main_v2_impl.o" "../src/main_v2_impl.c"
../src/main_v2_impl.c: In function 'printDisplay':
../src/main_v2_impl.c:387:30: error: expected expression before '[' token
         char c[] = "display"+[j]+[i];
                              ^
../src/main_v2_impl.c:388:8: error: too many arguments to function 'print'
        print("%c\n\r", c);
        ^
In file included from ../../ur_bsp/ps7_cortexa9_0/include/xil_io.h:63:0,
                 from ../../ur_bsp/ps7_cortexa9_0/include/xgpio_l.h:87,
                 from ../../ur_bsp/ps7_cortexa9_0/include/xgpio.h:128,
                 from ../src/main_v2_impl.c:9:
../../ur_bsp/ps7_cortexa9_0/include/xil_printf.h:36:6: note: declared here
 void print( const char8 *ptr);
      ^
../src/main_v2_impl.c: In function 'setCharDisplay':
../src/main_v2_impl.c:406:8: warning: unused variable 'outputDigit' [-Wunused-variable]
   char outputDigit[7][5];
        ^
make: *** [src/main_v2_impl.o] Error 1
16:54:35 **** Auto Build of configuration Debug for project ur ****
make pre-build main-build 
a9-linaro-pre-build-step
' '
'Building file: ../src/main_v2_impl.c'
'Invoking: ARM v7 gcc compiler'
arm-none-eabi-gcc -Wall -O0 -g3 -c -fmessage-length=0 -MT"src/main_v2_impl.o" -mcpu=cortex-a9 -mfpu=vfpv3 -mfloat-abi=hard -I../../ur_bsp/ps7_cortexa9_0/include -MMD -MP -MF"src/main_v2_impl.d" -MT"src/main_v2_impl.o" -o "src/main_v2_impl.o" "../src/main_v2_impl.c"
../src/main_v2_impl.c: In function 'printDisplay':
../src/main_v2_impl.c:387:30: error: expected expression before '[' token
         char c[] = "display"+[j]+[i];
                              ^
../src/main_v2_impl.c:388:8: error: too many arguments to function 'print'
        print("%s\n\r", c);
        ^
In file included from ../../ur_bsp/ps7_cortexa9_0/include/xil_io.h:63:0,
                 from ../../ur_bsp/ps7_cortexa9_0/include/xgpio_l.h:87,
                 from ../../ur_bsp/ps7_cortexa9_0/include/xgpio.h:128,
                 from ../src/main_v2_impl.c:9:
../../ur_bsp/ps7_cortexa9_0/include/xil_printf.h:36:6: note: declared here
 void print( const char8 *ptr);
      ^
../src/main_v2_impl.c: In function 'setCharDisplay':
../src/main_v2_impl.c:406:8: warning: unused variable 'outputDigit' [-Wunused-variable]
   char outputDigit[7][5];
        ^
make: *** [src/main_v2_impl.o] Error 1
16:55:27 **** Auto Build of configuration Debug for project ur ****
make pre-build main-build 
a9-linaro-pre-build-step
' '
'Building file: ../src/main_v2_impl.c'
'Invoking: ARM v7 gcc compiler'
arm-none-eabi-gcc -Wall -O0 -g3 -c -fmessage-length=0 -MT"src/main_v2_impl.o" -mcpu=cortex-a9 -mfpu=vfpv3 -mfloat-abi=hard -I../../ur_bsp/ps7_cortexa9_0/include -MMD -MP -MF"src/main_v2_impl.d" -MT"src/main_v2_impl.o" -o "src/main_v2_impl.o" "../src/main_v2_impl.c"
../src/main_v2_impl.c: In function 'printDisplay':
../src/main_v2_impl.c:387:20: error: invalid initializer
         char c[] = display[j][i];
                    ^
../src/main_v2_impl.c:388:8: error: too many arguments to function 'print'
        print("%s\n\r", c);
        ^
In file included from ../../ur_bsp/ps7_cortexa9_0/include/xil_io.h:63:0,
                 from ../../ur_bsp/ps7_cortexa9_0/include/xgpio_l.h:87,
                 from ../../ur_bsp/ps7_cortexa9_0/include/xgpio.h:128,
                 from ../src/main_v2_impl.c:9:
../../ur_bsp/ps7_cortexa9_0/include/xil_printf.h:36:6: note: declared here
 void print( const char8 *ptr);
      ^
../src/main_v2_impl.c: In function 'setCharDisplay':
../src/main_v2_impl.c:406:8: warning: unused variable 'outputDigit' [-Wunused-variable]
   char outputDigit[7][5];
        ^
make: *** [src/main_v2_impl.o] Error 1
16:55:45 **** Auto Build of configuration Debug for project ur ****
make pre-build main-build 
a9-linaro-pre-build-step
' '
'Building file: ../src/main_v2_impl.c'
'Invoking: ARM v7 gcc compiler'
arm-none-eabi-gcc -Wall -O0 -g3 -c -fmessage-length=0 -MT"src/main_v2_impl.o" -mcpu=cortex-a9 -mfpu=vfpv3 -mfloat-abi=hard -I../../ur_bsp/ps7_cortexa9_0/include -MMD -MP -MF"src/main_v2_impl.d" -MT"src/main_v2_impl.o" -o "src/main_v2_impl.o" "../src/main_v2_impl.c"
../src/main_v2_impl.c: In function 'setCharDisplay':
../src/main_v2_impl.c:406:8: warning: unused variable 'outputDigit' [-Wunused-variable]
   char outputDigit[7][5];
        ^
'Finished building: ../src/main_v2_impl.c'
' '
'Building target: ur.elf'
'Invoking: ARM v7 gcc linker'
arm-none-eabi-gcc -mcpu=cortex-a9 -mfpu=vfpv3 -mfloat-abi=hard -Wl,-build-id=none -specs=Xilinx.spec -Wl,-T -Wl,../src/lscript.ld -L../../ur_bsp/ps7_cortexa9_0/lib -o "ur.elf"  ./src/main_v2_impl.o   -Wl,--start-group,-lxil,-lgcc,-lc,--end-group
./src/main_v2_impl.o: In function `updateDisplay':
C:\Projects\Casioproject\project_1\project_1.sdk\ur\Debug/../src/main_v2_impl.c:292: undefined reference to `printDisplay'
C:\Projects\Casioproject\project_1\project_1.sdk\ur\Debug/../src/main_v2_impl.c:314: undefined reference to `printDisplay'
C:\Projects\Casioproject\project_1\project_1.sdk\ur\Debug/../src/main_v2_impl.c:337: undefined reference to `printDisplay'
C:\Projects\Casioproject\project_1\project_1.sdk\ur\Debug/../src/main_v2_impl.c:366: undefined reference to `printDisplay'
collect2.exe: error: ld returned 1 exit status
make: *** [ur.elf] Error 1
16:56:08 **** Auto Build of configuration Debug for project ur ****
make pre-build main-build 
a9-linaro-pre-build-step
' '
'Building file: ../src/main_v2_impl.c'
'Invoking: ARM v7 gcc compiler'
arm-none-eabi-gcc -Wall -O0 -g3 -c -fmessage-length=0 -MT"src/main_v2_impl.o" -mcpu=cortex-a9 -mfpu=vfpv3 -mfloat-abi=hard -I../../ur_bsp/ps7_cortexa9_0/include -MMD -MP -MF"src/main_v2_impl.d" -MT"src/main_v2_impl.o" -o "src/main_v2_impl.o" "../src/main_v2_impl.c"
../src/main_v2_impl.c: In function 'printDisplay':
../src/main_v2_impl.c:387:20: error: invalid initializer
         char c[] = display[j][i];
                    ^
../src/main_v2_impl.c:388:8: error: too many arguments to function 'print'
        print("%s", c);
        ^
In file included from ../../ur_bsp/ps7_cortexa9_0/include/xil_io.h:63:0,
                 from ../../ur_bsp/ps7_cortexa9_0/include/xgpio_l.h:87,
                 from ../../ur_bsp/ps7_cortexa9_0/include/xgpio.h:128,
                 from ../src/main_v2_impl.c:9:
../../ur_bsp/ps7_cortexa9_0/include/xil_printf.h:36:6: note: declared here
 void print( const char8 *ptr);
      ^
../src/main_v2_impl.c: In function 'setCharDisplay':
../src/main_v2_impl.c:406:8: warning: unused variable 'outputDigit' [-Wunused-variable]
   char outputDigit[7][5];
        ^
make: *** [src/main_v2_impl.o] Error 1
17:00:44 **** Auto Build of configuration Debug for project ur ****
make pre-build main-build 
a9-linaro-pre-build-step
' '
'Building file: ../src/main_v2_impl.c'
'Invoking: ARM v7 gcc compiler'
arm-none-eabi-gcc -Wall -O0 -g3 -c -fmessage-length=0 -MT"src/main_v2_impl.o" -mcpu=cortex-a9 -mfpu=vfpv3 -mfloat-abi=hard -I../../ur_bsp/ps7_cortexa9_0/include -MMD -MP -MF"src/main_v2_impl.d" -MT"src/main_v2_impl.o" -o "src/main_v2_impl.o" "../src/main_v2_impl.c"
../src/main_v2_impl.c: In function 'printDisplay':
../src/main_v2_impl.c:387:20: error: 'h' undeclared (first use in this function)
         char c[] = h;
                    ^
../src/main_v2_impl.c:387:20: note: each undeclared identifier is reported only once for each function it appears in
../src/main_v2_impl.c:388:7: error: expected expression before '=' token
       = display[j][i];
       ^
../src/main_v2_impl.c:388:7: warning: statement with no effect [-Wunused-value]
../src/main_v2_impl.c:389:8: error: too many arguments to function 'print'
        print("%s", c);
        ^
In file included from ../../ur_bsp/ps7_cortexa9_0/include/xil_io.h:63:0,
                 from ../../ur_bsp/ps7_cortexa9_0/include/xgpio_l.h:87,
                 from ../../ur_bsp/ps7_cortexa9_0/include/xgpio.h:128,
                 from ../src/main_v2_impl.c:9:
../../ur_bsp/ps7_cortexa9_0/include/xil_printf.h:36:6: note: declared here
 void print( const char8 *ptr);
      ^
../src/main_v2_impl.c: In function 'setCharDisplay':
../src/main_v2_impl.c:407:8: warning: unused variable 'outputDigit' [-Wunused-variable]
   char outputDigit[7][5];
        ^
make: *** [src/main_v2_impl.o] Error 1
17:00:56 **** Auto Build of configuration Debug for project ur ****
make pre-build main-build 
a9-linaro-pre-build-step
' '
'Building file: ../src/main_v2_impl.c'
'Invoking: ARM v7 gcc compiler'
arm-none-eabi-gcc -Wall -O0 -g3 -c -fmessage-length=0 -MT"src/main_v2_impl.o" -mcpu=cortex-a9 -mfpu=vfpv3 -mfloat-abi=hard -I../../ur_bsp/ps7_cortexa9_0/include -MMD -MP -MF"src/main_v2_impl.d" -MT"src/main_v2_impl.o" -o "src/main_v2_impl.o" "../src/main_v2_impl.c"
../src/main_v2_impl.c: In function 'printDisplay':
../src/main_v2_impl.c:387:9: error: unknown type name 'Char'
         Char c[] = h;
         ^
../src/main_v2_impl.c:387:20: error: 'h' undeclared (first use in this function)
         Char c[] = h;
                    ^
../src/main_v2_impl.c:387:20: note: each undeclared identifier is reported only once for each function it appears in
../src/main_v2_impl.c:388:7: error: expected expression before '=' token
       = display[j][i];
       ^
../src/main_v2_impl.c:388:7: warning: statement with no effect [-Wunused-value]
../src/main_v2_impl.c:389:8: error: too many arguments to function 'print'
        print("%s", c);
        ^
In file included from ../../ur_bsp/ps7_cortexa9_0/include/xil_io.h:63:0,
                 from ../../ur_bsp/ps7_cortexa9_0/include/xgpio_l.h:87,
                 from ../../ur_bsp/ps7_cortexa9_0/include/xgpio.h:128,
                 from ../src/main_v2_impl.c:9:
../../ur_bsp/ps7_cortexa9_0/include/xil_printf.h:36:6: note: declared here
 void print( const char8 *ptr);
      ^
../src/main_v2_impl.c: In function 'setCharDisplay':
../src/main_v2_impl.c:407:8: warning: unused variable 'outputDigit' [-Wunused-variable]
   char outputDigit[7][5];
        ^
make: *** [src/main_v2_impl.o] Error 1
17:01:39 **** Auto Build of configuration Debug for project ur ****
make pre-build main-build 
a9-linaro-pre-build-step
' '
'Building file: ../src/main_v2_impl.c'
'Invoking: ARM v7 gcc compiler'
arm-none-eabi-gcc -Wall -O0 -g3 -c -fmessage-length=0 -MT"src/main_v2_impl.o" -mcpu=cortex-a9 -mfpu=vfpv3 -mfloat-abi=hard -I../../ur_bsp/ps7_cortexa9_0/include -MMD -MP -MF"src/main_v2_impl.d" -MT"src/main_v2_impl.o" -o "src/main_v2_impl.o" "../src/main_v2_impl.c"
../src/main_v2_impl.c:51:1: error: unknown type name 'Char'
 Char c[];
 ^
../src/main_v2_impl.c: In function 'printDisplay':
../src/main_v2_impl.c:388:9: error: unknown type name 'Char'
         Char c[] = h;
         ^
../src/main_v2_impl.c:388:20: error: 'h' undeclared (first use in this function)
         Char c[] = h;
                    ^
../src/main_v2_impl.c:388:20: note: each undeclared identifier is reported only once for each function it appears in
../src/main_v2_impl.c:389:7: error: expected expression before '=' token
       = display[j][i];
       ^
../src/main_v2_impl.c:389:7: warning: statement with no effect [-Wunused-value]
../src/main_v2_impl.c:390:8: error: too many arguments to function 'print'
        print("%s", c);
        ^
In file included from ../../ur_bsp/ps7_cortexa9_0/include/xil_io.h:63:0,
                 from ../../ur_bsp/ps7_cortexa9_0/include/xgpio_l.h:87,
                 from ../../ur_bsp/ps7_cortexa9_0/include/xgpio.h:128,
                 from ../src/main_v2_impl.c:9:
../../ur_bsp/ps7_cortexa9_0/include/xil_printf.h:36:6: note: declared here
 void print( const char8 *ptr);
      ^
../src/main_v2_impl.c: In function 'setCharDisplay':
../src/main_v2_impl.c:408:8: warning: unused variable 'outputDigit' [-Wunused-variable]
   char outputDigit[7][5];
        ^
../src/main_v2_impl.c: At top level:
../src/main_v2_impl.c:51:6: warning: array 'c' assumed to have one element
 Char c[];
      ^
make: *** [src/main_v2_impl.o] Error 1
17:01:51 **** Auto Build of configuration Debug for project ur ****
make pre-build main-build 
a9-linaro-pre-build-step
' '
'Building file: ../src/main_v2_impl.c'
'Invoking: ARM v7 gcc compiler'
arm-none-eabi-gcc -Wall -O0 -g3 -c -fmessage-length=0 -MT"src/main_v2_impl.o" -mcpu=cortex-a9 -mfpu=vfpv3 -mfloat-abi=hard -I../../ur_bsp/ps7_cortexa9_0/include -MMD -MP -MF"src/main_v2_impl.d" -MT"src/main_v2_impl.o" -o "src/main_v2_impl.o" "../src/main_v2_impl.c"
../src/main_v2_impl.c: In function 'printDisplay':
../src/main_v2_impl.c:388:9: error: unknown type name 'Char'
         Char c[] = h;
         ^
../src/main_v2_impl.c:388:20: error: 'h' undeclared (first use in this function)
         Char c[] = h;
                    ^
../src/main_v2_impl.c:388:20: note: each undeclared identifier is reported only once for each function it appears in
../src/main_v2_impl.c:389:7: error: expected expression before '=' token
       = display[j][i];
       ^
../src/main_v2_impl.c:389:7: warning: statement with no effect [-Wunused-value]
../src/main_v2_impl.c:390:8: error: too many arguments to function 'print'
        print("%s", c);
        ^
In file included from ../../ur_bsp/ps7_cortexa9_0/include/xil_io.h:63:0,
                 from ../../ur_bsp/ps7_cortexa9_0/include/xgpio_l.h:87,
                 from ../../ur_bsp/ps7_cortexa9_0/include/xgpio.h:128,
                 from ../src/main_v2_impl.c:9:
../../ur_bsp/ps7_cortexa9_0/include/xil_printf.h:36:6: note: declared here
 void print( const char8 *ptr);
      ^
../src/main_v2_impl.c: In function 'setCharDisplay':
../src/main_v2_impl.c:408:8: warning: unused variable 'outputDigit' [-Wunused-variable]
   char outputDigit[7][5];
        ^
../src/main_v2_impl.c: At top level:
../src/main_v2_impl.c:51:6: warning: array 'c' assumed to have one element
 char c[];
      ^
make: *** [src/main_v2_impl.o] Error 1
17:02:08 **** Auto Build of configuration Debug for project ur ****
make pre-build main-build 
a9-linaro-pre-build-step
' '
'Building file: ../src/main_v2_impl.c'
'Invoking: ARM v7 gcc compiler'
arm-none-eabi-gcc -Wall -O0 -g3 -c -fmessage-length=0 -MT"src/main_v2_impl.o" -mcpu=cortex-a9 -mfpu=vfpv3 -mfloat-abi=hard -I../../ur_bsp/ps7_cortexa9_0/include -MMD -MP -MF"src/main_v2_impl.d" -MT"src/main_v2_impl.o" -o "src/main_v2_impl.o" "../src/main_v2_impl.c"
../src/main_v2_impl.c: In function 'printDisplay':
../src/main_v2_impl.c:388:9: error: unknown type name 'Char'
         Char c[] = h;
         ^
../src/main_v2_impl.c:388:20: error: 'h' undeclared (first use in this function)
         Char c[] = h;
                    ^
../src/main_v2_impl.c:388:20: note: each undeclared identifier is reported only once for each function it appears in
../src/main_v2_impl.c:389:7: error: expected expression before '=' token
       = display[j][i];
       ^
../src/main_v2_impl.c:389:7: warning: statement with no effect [-Wunused-value]
../src/main_v2_impl.c:390:8: error: too many arguments to function 'print'
        print("%s", c);
        ^
In file included from ../../ur_bsp/ps7_cortexa9_0/include/xil_io.h:63:0,
                 from ../../ur_bsp/ps7_cortexa9_0/include/xgpio_l.h:87,
                 from ../../ur_bsp/ps7_cortexa9_0/include/xgpio.h:128,
                 from ../src/main_v2_impl.c:9:
../../ur_bsp/ps7_cortexa9_0/include/xil_printf.h:36:6: note: declared here
 void print( const char8 *ptr);
      ^
../src/main_v2_impl.c: In function 'setCharDisplay':
../src/main_v2_impl.c:408:8: warning: unused variable 'outputDigit' [-Wunused-variable]
   char outputDigit[7][5];
        ^
make: *** [src/main_v2_impl.o] Error 1
17:02:32 **** Auto Build of configuration Debug for project ur ****
make pre-build main-build 
a9-linaro-pre-build-step
' '
'Building file: ../src/main_v2_impl.c'
'Invoking: ARM v7 gcc compiler'
arm-none-eabi-gcc -Wall -O0 -g3 -c -fmessage-length=0 -MT"src/main_v2_impl.o" -mcpu=cortex-a9 -mfpu=vfpv3 -mfloat-abi=hard -I../../ur_bsp/ps7_cortexa9_0/include -MMD -MP -MF"src/main_v2_impl.d" -MT"src/main_v2_impl.o" -o "src/main_v2_impl.o" "../src/main_v2_impl.c"
../src/main_v2_impl.c: In function 'printDisplay':
../src/main_v2_impl.c:388:13: error: assignment to expression with array type
         c   = display[j][i];
             ^
../src/main_v2_impl.c:389:8: error: too many arguments to function 'print'
        print("%s", c);
        ^
In file included from ../../ur_bsp/ps7_cortexa9_0/include/xil_io.h:63:0,
                 from ../../ur_bsp/ps7_cortexa9_0/include/xgpio_l.h:87,
                 from ../../ur_bsp/ps7_cortexa9_0/include/xgpio.h:128,
                 from ../src/main_v2_impl.c:9:
../../ur_bsp/ps7_cortexa9_0/include/xil_printf.h:36:6: note: declared here
 void print( const char8 *ptr);
      ^
../src/main_v2_impl.c: In function 'setCharDisplay':
../src/main_v2_impl.c:407:8: warning: unused variable 'outputDigit' [-Wunused-variable]
   char outputDigit[7][5];
        ^
make: *** [src/main_v2_impl.o] Error 1
17:02:48 **** Auto Build of configuration Debug for project ur ****
make pre-build main-build 
a9-linaro-pre-build-step
' '
'Building file: ../src/main_v2_impl.c'
'Invoking: ARM v7 gcc compiler'
arm-none-eabi-gcc -Wall -O0 -g3 -c -fmessage-length=0 -MT"src/main_v2_impl.o" -mcpu=cortex-a9 -mfpu=vfpv3 -mfloat-abi=hard -I../../ur_bsp/ps7_cortexa9_0/include -MMD -MP -MF"src/main_v2_impl.d" -MT"src/main_v2_impl.o" -o "src/main_v2_impl.o" "../src/main_v2_impl.c"
../src/main_v2_impl.c: In function 'printDisplay':
../src/main_v2_impl.c:388:22: error: invalid initializer
         char c []  = display[j][i];
                      ^
../src/main_v2_impl.c:389:8: error: too many arguments to function 'print'
        print("%s", c);
        ^
In file included from ../../ur_bsp/ps7_cortexa9_0/include/xil_io.h:63:0,
                 from ../../ur_bsp/ps7_cortexa9_0/include/xgpio_l.h:87,
                 from ../../ur_bsp/ps7_cortexa9_0/include/xgpio.h:128,
                 from ../src/main_v2_impl.c:9:
../../ur_bsp/ps7_cortexa9_0/include/xil_printf.h:36:6: note: declared here
 void print( const char8 *ptr);
      ^
../src/main_v2_impl.c: In function 'setCharDisplay':
../src/main_v2_impl.c:407:8: warning: unused variable 'outputDigit' [-Wunused-variable]
   char outputDigit[7][5];
        ^
make: *** [src/main_v2_impl.o] Error 1
17:03:20 **** Auto Build of configuration Debug for project ur ****
make pre-build main-build 
a9-linaro-pre-build-step
' '
'Building file: ../src/main_v2_impl.c'
'Invoking: ARM v7 gcc compiler'
arm-none-eabi-gcc -Wall -O0 -g3 -c -fmessage-length=0 -MT"src/main_v2_impl.o" -mcpu=cortex-a9 -mfpu=vfpv3 -mfloat-abi=hard -I../../ur_bsp/ps7_cortexa9_0/include -MMD -MP -MF"src/main_v2_impl.d" -MT"src/main_v2_impl.o" -o "src/main_v2_impl.o" "../src/main_v2_impl.c"
../src/main_v2_impl.c: In function 'printDisplay':
../src/main_v2_impl.c:388:19: error: invalid initializer
         char c[]= display[j][i];
                   ^
../src/main_v2_impl.c:389:8: error: too many arguments to function 'print'
        print("%s", c);
        ^
In file included from ../../ur_bsp/ps7_cortexa9_0/include/xil_io.h:63:0,
                 from ../../ur_bsp/ps7_cortexa9_0/include/xgpio_l.h:87,
                 from ../../ur_bsp/ps7_cortexa9_0/include/xgpio.h:128,
                 from ../src/main_v2_impl.c:9:
../../ur_bsp/ps7_cortexa9_0/include/xil_printf.h:36:6: note: declared here
 void print( const char8 *ptr);
      ^
../src/main_v2_impl.c: In function 'setCharDisplay':
../src/main_v2_impl.c:407:8: warning: unused variable 'outputDigit' [-Wunused-variable]
   char outputDigit[7][5];
        ^
make: *** [src/main_v2_impl.o] Error 1
17:03:29 **** Auto Build of configuration Debug for project ur ****
make pre-build main-build 
a9-linaro-pre-build-step
' '
'Building file: ../src/main_v2_impl.c'
'Invoking: ARM v7 gcc compiler'
arm-none-eabi-gcc -Wall -O0 -g3 -c -fmessage-length=0 -MT"src/main_v2_impl.o" -mcpu=cortex-a9 -mfpu=vfpv3 -mfloat-abi=hard -I../../ur_bsp/ps7_cortexa9_0/include -MMD -MP -MF"src/main_v2_impl.d" -MT"src/main_v2_impl.o" -o "src/main_v2_impl.o" "../src/main_v2_impl.c"
../src/main_v2_impl.c: In function 'printDisplay':
../src/main_v2_impl.c:388:19: error: invalid initializer
         char c[]= display[j][i];
                   ^
../src/main_v2_impl.c:389:8: error: too many arguments to function 'print'
        print("%c", c);
        ^
In file included from ../../ur_bsp/ps7_cortexa9_0/include/xil_io.h:63:0,
                 from ../../ur_bsp/ps7_cortexa9_0/include/xgpio_l.h:87,
                 from ../../ur_bsp/ps7_cortexa9_0/include/xgpio.h:128,
                 from ../src/main_v2_impl.c:9:
../../ur_bsp/ps7_cortexa9_0/include/xil_printf.h:36:6: note: declared here
 void print( const char8 *ptr);
      ^
../src/main_v2_impl.c: In function 'setCharDisplay':
../src/main_v2_impl.c:407:8: warning: unused variable 'outputDigit' [-Wunused-variable]
   char outputDigit[7][5];
        ^
make: *** [src/main_v2_impl.o] Error 1
17:03:37 **** Auto Build of configuration Debug for project ur ****
make pre-build main-build 
a9-linaro-pre-build-step
' '
'Building file: ../src/main_v2_impl.c'
'Invoking: ARM v7 gcc compiler'
arm-none-eabi-gcc -Wall -O0 -g3 -c -fmessage-length=0 -MT"src/main_v2_impl.o" -mcpu=cortex-a9 -mfpu=vfpv3 -mfloat-abi=hard -I../../ur_bsp/ps7_cortexa9_0/include -MMD -MP -MF"src/main_v2_impl.d" -MT"src/main_v2_impl.o" -o "src/main_v2_impl.o" "../src/main_v2_impl.c"
../src/main_v2_impl.c: In function 'printDisplay':
../src/main_v2_impl.c:388:22: error: invalid initializer
         char c[100]= display[j][i];
                      ^
../src/main_v2_impl.c:389:8: error: too many arguments to function 'print'
        print("%c", c);
        ^
In file included from ../../ur_bsp/ps7_cortexa9_0/include/xil_io.h:63:0,
                 from ../../ur_bsp/ps7_cortexa9_0/include/xgpio_l.h:87,
                 from ../../ur_bsp/ps7_cortexa9_0/include/xgpio.h:128,
                 from ../src/main_v2_impl.c:9:
../../ur_bsp/ps7_cortexa9_0/include/xil_printf.h:36:6: note: declared here
 void print( const char8 *ptr);
      ^
../src/main_v2_impl.c: In function 'setCharDisplay':
../src/main_v2_impl.c:407:8: warning: unused variable 'outputDigit' [-Wunused-variable]
   char outputDigit[7][5];
        ^
make: *** [src/main_v2_impl.o] Error 1
17:05:14 **** Auto Build of configuration Debug for project ur ****
make pre-build main-build 
a9-linaro-pre-build-step
' '
'Building file: ../src/main_v2_impl.c'
'Invoking: ARM v7 gcc compiler'
arm-none-eabi-gcc -Wall -O0 -g3 -c -fmessage-length=0 -MT"src/main_v2_impl.o" -mcpu=cortex-a9 -mfpu=vfpv3 -mfloat-abi=hard -I../../ur_bsp/ps7_cortexa9_0/include -MMD -MP -MF"src/main_v2_impl.d" -MT"src/main_v2_impl.o" -o "src/main_v2_impl.o" "../src/main_v2_impl.c"
../src/main_v2_impl.c: In function 'printDisplay':
../src/main_v2_impl.c:388:30: warning: passing argument 1 of 'strcpy' makes pointer from integer without a cast [-Wint-conversion]
         char c[100]= strcpy (display[j][i]);
                              ^
In file included from c:\xilinx\sdk\2016.3\gnu\aarch32\nt\gcc-arm-none-eabi\arm-none-eabi\libc\usr\include\stdio.h:29:0,
                 from ../src/main_v2_impl.c:3:
c:\xilinx\sdk\2016.3\gnu\aarch32\nt\gcc-arm-none-eabi\arm-none-eabi\libc\usr\include\string.h:30:8: note: expected 'char * restrict' but argument is of type 'char'
 char  *_EXFUN(strcpy,(char *__restrict, const char *__restrict));
        ^
../src/main_v2_impl.c:388:22: error: too few arguments to function 'strcpy'
         char c[100]= strcpy (display[j][i]);
                      ^
../src/main_v2_impl.c:389:8: error: too many arguments to function 'print'
        print("%c", c);
        ^
In file included from ../../ur_bsp/ps7_cortexa9_0/include/xil_io.h:63:0,
                 from ../../ur_bsp/ps7_cortexa9_0/include/xgpio_l.h:87,
                 from ../../ur_bsp/ps7_cortexa9_0/include/xgpio.h:128,
                 from ../src/main_v2_impl.c:9:
../../ur_bsp/ps7_cortexa9_0/include/xil_printf.h:36:6: note: declared here
 void print( const char8 *ptr);
      ^
../src/main_v2_impl.c: In function 'setCharDisplay':
../src/main_v2_impl.c:407:8: warning: unused variable 'outputDigit' [-Wunused-variable]
   char outputDigit[7][5];
        ^
make: *** [src/main_v2_impl.o] Error 1
17:05:29 **** Auto Build of configuration Debug for project ur ****
make pre-build main-build 
a9-linaro-pre-build-step
' '
'Building file: ../src/main_v2_impl.c'
'Invoking: ARM v7 gcc compiler'
arm-none-eabi-gcc -Wall -O0 -g3 -c -fmessage-length=0 -MT"src/main_v2_impl.o" -mcpu=cortex-a9 -mfpu=vfpv3 -mfloat-abi=hard -I../../ur_bsp/ps7_cortexa9_0/include -MMD -MP -MF"src/main_v2_impl.d" -MT"src/main_v2_impl.o" -o "src/main_v2_impl.o" "../src/main_v2_impl.c"
../src/main_v2_impl.c: In function 'printDisplay':
../src/main_v2_impl.c:388:38: error: expected expression before '[' token
         char c[100]= strcpy (display,[j],[i]);
                                      ^
../src/main_v2_impl.c:388:30: warning: passing argument 1 of 'strcpy' from incompatible pointer type [-Wincompatible-pointer-types]
         char c[100]= strcpy (display,[j],[i]);
                              ^
In file included from c:\xilinx\sdk\2016.3\gnu\aarch32\nt\gcc-arm-none-eabi\arm-none-eabi\libc\usr\include\stdio.h:29:0,
                 from ../src/main_v2_impl.c:3:
c:\xilinx\sdk\2016.3\gnu\aarch32\nt\gcc-arm-none-eabi\arm-none-eabi\libc\usr\include\string.h:30:8: note: expected 'char * restrict' but argument is of type 'char (*)[9]'
 char  *_EXFUN(strcpy,(char *__restrict, const char *__restrict));
        ^
../src/main_v2_impl.c:388:22: error: too many arguments to function 'strcpy'
         char c[100]= strcpy (display,[j],[i]);
                      ^
../src/main_v2_impl.c:389:8: error: too many arguments to function 'print'
        print("%c", c);
        ^
In file included from ../../ur_bsp/ps7_cortexa9_0/include/xil_io.h:63:0,
                 from ../../ur_bsp/ps7_cortexa9_0/include/xgpio_l.h:87,
                 from ../../ur_bsp/ps7_cortexa9_0/include/xgpio.h:128,
                 from ../src/main_v2_impl.c:9:
../../ur_bsp/ps7_cortexa9_0/include/xil_printf.h:36:6: note: declared here
 void print( const char8 *ptr);
      ^
../src/main_v2_impl.c: In function 'setCharDisplay':
../src/main_v2_impl.c:407:8: warning: unused variable 'outputDigit' [-Wunused-variable]
   char outputDigit[7][5];
        ^
make: *** [src/main_v2_impl.o] Error 1
17:05:39 **** Auto Build of configuration Debug for project ur ****
make pre-build main-build 
a9-linaro-pre-build-step
' '
'Building file: ../src/main_v2_impl.c'
'Invoking: ARM v7 gcc compiler'
arm-none-eabi-gcc -Wall -O0 -g3 -c -fmessage-length=0 -MT"src/main_v2_impl.o" -mcpu=cortex-a9 -mfpu=vfpv3 -mfloat-abi=hard -I../../ur_bsp/ps7_cortexa9_0/include -MMD -MP -MF"src/main_v2_impl.d" -MT"src/main_v2_impl.o" -o "src/main_v2_impl.o" "../src/main_v2_impl.c"
../src/main_v2_impl.c: In function 'printDisplay':
../src/main_v2_impl.c:388:38: error: expected expression before '[' token
         char c[100]= strcpy (display,[j][i]);
                                      ^
../src/main_v2_impl.c:388:30: warning: passing argument 1 of 'strcpy' from incompatible pointer type [-Wincompatible-pointer-types]
         char c[100]= strcpy (display,[j][i]);
                              ^
In file included from c:\xilinx\sdk\2016.3\gnu\aarch32\nt\gcc-arm-none-eabi\arm-none-eabi\libc\usr\include\stdio.h:29:0,
                 from ../src/main_v2_impl.c:3:
c:\xilinx\sdk\2016.3\gnu\aarch32\nt\gcc-arm-none-eabi\arm-none-eabi\libc\usr\include\string.h:30:8: note: expected 'char * restrict' but argument is of type 'char (*)[9]'
 char  *_EXFUN(strcpy,(char *__restrict, const char *__restrict));
        ^
../src/main_v2_impl.c:389:8: error: too many arguments to function 'print'
        print("%c", c);
        ^
In file included from ../../ur_bsp/ps7_cortexa9_0/include/xil_io.h:63:0,
                 from ../../ur_bsp/ps7_cortexa9_0/include/xgpio_l.h:87,
                 from ../../ur_bsp/ps7_cortexa9_0/include/xgpio.h:128,
                 from ../src/main_v2_impl.c:9:
../../ur_bsp/ps7_cortexa9_0/include/xil_printf.h:36:6: note: declared here
 void print( const char8 *ptr);
      ^
../src/main_v2_impl.c: In function 'setCharDisplay':
../src/main_v2_impl.c:407:8: warning: unused variable 'outputDigit' [-Wunused-variable]
   char outputDigit[7][5];
        ^
make: *** [src/main_v2_impl.o] Error 1
17:11:24 **** Auto Build of configuration Debug for project ur ****
make pre-build main-build 
a9-linaro-pre-build-step
' '
'Building file: ../src/main_v2_impl.c'
'Invoking: ARM v7 gcc compiler'
arm-none-eabi-gcc -Wall -O0 -g3 -c -fmessage-length=0 -MT"src/main_v2_impl.o" -mcpu=cortex-a9 -mfpu=vfpv3 -mfloat-abi=hard -I../../ur_bsp/ps7_cortexa9_0/include -MMD -MP -MF"src/main_v2_impl.d" -MT"src/main_v2_impl.o" -o "src/main_v2_impl.o" "../src/main_v2_impl.c"
../src/main_v2_impl.c: In function 'printDisplay':
../src/main_v2_impl.c:388:38: error: expected expression before '[' token
         char c[100]= strcpy (display,[j][i]);
                                      ^
../src/main_v2_impl.c:388:30: warning: passing argument 1 of 'strcpy' from incompatible pointer type [-Wincompatible-pointer-types]
         char c[100]= strcpy (display,[j][i]);
                              ^
In file included from c:\xilinx\sdk\2016.3\gnu\aarch32\nt\gcc-arm-none-eabi\arm-none-eabi\libc\usr\include\stdio.h:29:0,
                 from ../src/main_v2_impl.c:3:
c:\xilinx\sdk\2016.3\gnu\aarch32\nt\gcc-arm-none-eabi\arm-none-eabi\libc\usr\include\string.h:30:8: note: expected 'char * restrict' but argument is of type 'char (*)[9]'
 char  *_EXFUN(strcpy,(char *__restrict, const char *__restrict));
        ^
../src/main_v2_impl.c:389:8: error: too many arguments to function 'print'
        print("%s-100", c);
        ^
In file included from ../../ur_bsp/ps7_cortexa9_0/include/xil_io.h:63:0,
                 from ../../ur_bsp/ps7_cortexa9_0/include/xgpio_l.h:87,
                 from ../../ur_bsp/ps7_cortexa9_0/include/xgpio.h:128,
                 from ../src/main_v2_impl.c:9:
../../ur_bsp/ps7_cortexa9_0/include/xil_printf.h:36:6: note: declared here
 void print( const char8 *ptr);
      ^
../src/main_v2_impl.c: In function 'setCharDisplay':
../src/main_v2_impl.c:407:8: warning: unused variable 'outputDigit' [-Wunused-variable]
   char outputDigit[7][5];
        ^
make: *** [src/main_v2_impl.o] Error 1
17:12:00 **** Auto Build of configuration Debug for project ur ****
make pre-build main-build 
a9-linaro-pre-build-step
' '
'Building file: ../src/main_v2_impl.c'
'Invoking: ARM v7 gcc compiler'
arm-none-eabi-gcc -Wall -O0 -g3 -c -fmessage-length=0 -MT"src/main_v2_impl.o" -mcpu=cortex-a9 -mfpu=vfpv3 -mfloat-abi=hard -I../../ur_bsp/ps7_cortexa9_0/include -MMD -MP -MF"src/main_v2_impl.d" -MT"src/main_v2_impl.o" -o "src/main_v2_impl.o" "../src/main_v2_impl.c"
../src/main_v2_impl.c: In function 'printDisplay':
../src/main_v2_impl.c:388:22: error: expected expression before '[' token
         char c[100]= [display],[j],[i]);
                      ^
../src/main_v2_impl.c:389:8: error: too many arguments to function 'print'
        print("%s-100", c);
        ^
In file included from ../../ur_bsp/ps7_cortexa9_0/include/xil_io.h:63:0,
                 from ../../ur_bsp/ps7_cortexa9_0/include/xgpio_l.h:87,
                 from ../../ur_bsp/ps7_cortexa9_0/include/xgpio.h:128,
                 from ../src/main_v2_impl.c:9:
../../ur_bsp/ps7_cortexa9_0/include/xil_printf.h:36:6: note: declared here
 void print( const char8 *ptr);
      ^
../src/main_v2_impl.c: In function 'setCharDisplay':
../src/main_v2_impl.c:407:8: warning: unused variable 'outputDigit' [-Wunused-variable]
   char outputDigit[7][5];
        ^
make: *** [src/main_v2_impl.o] Error 1
17:19:25 **** Auto Build of configuration Debug for project ur ****
make pre-build main-build 
a9-linaro-pre-build-step
' '
'Building file: ../src/main_v2_impl.c'
'Invoking: ARM v7 gcc compiler'
arm-none-eabi-gcc -Wall -O0 -g3 -c -fmessage-length=0 -MT"src/main_v2_impl.o" -mcpu=cortex-a9 -mfpu=vfpv3 -mfloat-abi=hard -I../../ur_bsp/ps7_cortexa9_0/include -MMD -MP -MF"src/main_v2_impl.d" -MT"src/main_v2_impl.o" -o "src/main_v2_impl.o" "../src/main_v2_impl.c"
../src/main_v2_impl.c: In function 'printDisplay':
../src/main_v2_impl.c:388:22: error: expected expression before '[' token
         char c[100]= [display],[j],[i]);
                      ^
../src/main_v2_impl.c:389:8: error: too many arguments to function 'print'
        print("%s-100", c);
        ^
In file included from ../../ur_bsp/ps7_cortexa9_0/include/xil_io.h:63:0,
                 from ../../ur_bsp/ps7_cortexa9_0/include/xgpio_l.h:87,
                 from ../../ur_bsp/ps7_cortexa9_0/include/xgpio.h:128,
                 from ../src/main_v2_impl.c:9:
../../ur_bsp/ps7_cortexa9_0/include/xil_printf.h:36:6: note: declared here
 void print( const char8 *ptr);
      ^
../src/main_v2_impl.c: In function 'setCharDisplay':
../src/main_v2_impl.c:407:8: warning: unused variable 'outputDigit' [-Wunused-variable]
   char outputDigit[7][5];
        ^
make: *** [src/main_v2_impl.o] Error 1
17:21:43 **** Auto Build of configuration Debug for project ur ****
make pre-build main-build 
a9-linaro-pre-build-step
' '
'Building file: ../src/main_v2_impl.c'
'Invoking: ARM v7 gcc compiler'
arm-none-eabi-gcc -Wall -O0 -g3 -c -fmessage-length=0 -MT"src/main_v2_impl.o" -mcpu=cortex-a9 -mfpu=vfpv3 -mfloat-abi=hard -I../../ur_bsp/ps7_cortexa9_0/include -MMD -MP -MF"src/main_v2_impl.d" -MT"src/main_v2_impl.o" -o "src/main_v2_impl.o" "../src/main_v2_impl.c"
../src/main_v2_impl.c: In function 'printDisplay':
../src/main_v2_impl.c:388:22: error: expected expression before '[' token
         char c[100]= [display],[j],[i]);
                      ^
../src/main_v2_impl.c:388:14: warning: unused variable 'c' [-Wunused-variable]
         char c[100]= [display],[j],[i]);
              ^
../src/main_v2_impl.c: In function 'setCharDisplay':
../src/main_v2_impl.c:407:8: warning: unused variable 'outputDigit' [-Wunused-variable]
   char outputDigit[7][5];
        ^
make: *** [src/main_v2_impl.o] Error 1
17:23:02 **** Auto Build of configuration Debug for project ur ****
make pre-build main-build 
a9-linaro-pre-build-step
' '
'Building file: ../src/main_v2_impl.c'
'Invoking: ARM v7 gcc compiler'
arm-none-eabi-gcc -Wall -O0 -g3 -c -fmessage-length=0 -MT"src/main_v2_impl.o" -mcpu=cortex-a9 -mfpu=vfpv3 -mfloat-abi=hard -I../../ur_bsp/ps7_cortexa9_0/include -MMD -MP -MF"src/main_v2_impl.d" -MT"src/main_v2_impl.o" -o "src/main_v2_impl.o" "../src/main_v2_impl.c"
../src/main_v2_impl.c: In function 'printDisplay':
../src/main_v2_impl.c:388:22: error: expected expression before '[' token
         char c[100]= [display],[j],[i]);
                      ^
../src/main_v2_impl.c:389:14: error: expected expression before '%' token
        print(%s-100, c);
              ^
../src/main_v2_impl.c:388:14: warning: unused variable 'c' [-Wunused-variable]
         char c[100]= [display],[j],[i]);
              ^
../src/main_v2_impl.c: In function 'setCharDisplay':
../src/main_v2_impl.c:407:8: warning: unused variable 'outputDigit' [-Wunused-variable]
   char outputDigit[7][5];
        ^
make: *** [src/main_v2_impl.o] Error 1
17:25:04 **** Auto Build of configuration Debug for project ur ****
make pre-build main-build 
a9-linaro-pre-build-step
' '
'Building file: ../src/main_v2_impl.c'
'Invoking: ARM v7 gcc compiler'
arm-none-eabi-gcc -Wall -O0 -g3 -c -fmessage-length=0 -MT"src/main_v2_impl.o" -mcpu=cortex-a9 -mfpu=vfpv3 -mfloat-abi=hard -I../../ur_bsp/ps7_cortexa9_0/include -MMD -MP -MF"src/main_v2_impl.d" -MT"src/main_v2_impl.o" -o "src/main_v2_impl.o" "../src/main_v2_impl.c"
../src/main_v2_impl.c: In function 'printDisplay':
../src/main_v2_impl.c:389:14: error: expected expression before '%' token
        print(%c, c);
              ^
../src/main_v2_impl.c: In function 'setCharDisplay':
../src/main_v2_impl.c:407:8: warning: unused variable 'outputDigit' [-Wunused-variable]
   char outputDigit[7][5];
        ^
make: *** [src/main_v2_impl.o] Error 1
17:25:27 **** Auto Build of configuration Debug for project ur ****
make pre-build main-build 
a9-linaro-pre-build-step
' '
'Building file: ../src/main_v2_impl.c'
'Invoking: ARM v7 gcc compiler'
arm-none-eabi-gcc -Wall -O0 -g3 -c -fmessage-length=0 -MT"src/main_v2_impl.o" -mcpu=cortex-a9 -mfpu=vfpv3 -mfloat-abi=hard -I../../ur_bsp/ps7_cortexa9_0/include -MMD -MP -MF"src/main_v2_impl.d" -MT"src/main_v2_impl.o" -o "src/main_v2_impl.o" "../src/main_v2_impl.c"
../src/main_v2_impl.c: In function 'printDisplay':
../src/main_v2_impl.c:389:8: error: too many arguments to function 'print'
        print("%c", c);
        ^
In file included from ../../ur_bsp/ps7_cortexa9_0/include/xil_io.h:63:0,
                 from ../../ur_bsp/ps7_cortexa9_0/include/xgpio_l.h:87,
                 from ../../ur_bsp/ps7_cortexa9_0/include/xgpio.h:128,
                 from ../src/main_v2_impl.c:9:
../../ur_bsp/ps7_cortexa9_0/include/xil_printf.h:36:6: note: declared here
 void print( const char8 *ptr);
      ^
../src/main_v2_impl.c: In function 'setCharDisplay':
../src/main_v2_impl.c:407:8: warning: unused variable 'outputDigit' [-Wunused-variable]
   char outputDigit[7][5];
        ^
make: *** [src/main_v2_impl.o] Error 1
17:26:30 **** Auto Build of configuration Debug for project ur ****
make pre-build main-build 
a9-linaro-pre-build-step
' '
'Building file: ../src/main_v2_impl.c'
'Invoking: ARM v7 gcc compiler'
arm-none-eabi-gcc -Wall -O0 -g3 -c -fmessage-length=0 -MT"src/main_v2_impl.o" -mcpu=cortex-a9 -mfpu=vfpv3 -mfloat-abi=hard -I../../ur_bsp/ps7_cortexa9_0/include -MMD -MP -MF"src/main_v2_impl.d" -MT"src/main_v2_impl.o" -o "src/main_v2_impl.o" "../src/main_v2_impl.c"
../src/main_v2_impl.c: In function 'printDisplay':
../src/main_v2_impl.c:389:8: error: too many arguments to function 'print'
        print("%c", *c);
        ^
In file included from ../../ur_bsp/ps7_cortexa9_0/include/xil_io.h:63:0,
                 from ../../ur_bsp/ps7_cortexa9_0/include/xgpio_l.h:87,
                 from ../../ur_bsp/ps7_cortexa9_0/include/xgpio.h:128,
                 from ../src/main_v2_impl.c:9:
../../ur_bsp/ps7_cortexa9_0/include/xil_printf.h:36:6: note: declared here
 void print( const char8 *ptr);
      ^
../src/main_v2_impl.c: In function 'setCharDisplay':
../src/main_v2_impl.c:407:8: warning: unused variable 'outputDigit' [-Wunused-variable]
   char outputDigit[7][5];
        ^
make: *** [src/main_v2_impl.o] Error 1
17:35:54 **** Auto Build of configuration Debug for project ur ****
make pre-build main-build 
a9-linaro-pre-build-step
' '
'Building file: ../src/main_v2_impl.c'
'Invoking: ARM v7 gcc compiler'
arm-none-eabi-gcc -Wall -O0 -g3 -c -fmessage-length=0 -MT"src/main_v2_impl.o" -mcpu=cortex-a9 -mfpu=vfpv3 -mfloat-abi=hard -I../../ur_bsp/ps7_cortexa9_0/include -MMD -MP -MF"src/main_v2_impl.d" -MT"src/main_v2_impl.o" -o "src/main_v2_impl.o" "../src/main_v2_impl.c"
../src/main_v2_impl.c: In function 'printDisplay':
../src/main_v2_impl.c:389:8: error: too many arguments to function 'print'
        print("%d", hej);
        ^
In file included from ../../ur_bsp/ps7_cortexa9_0/include/xil_io.h:63:0,
                 from ../../ur_bsp/ps7_cortexa9_0/include/xgpio_l.h:87,
                 from ../../ur_bsp/ps7_cortexa9_0/include/xgpio.h:128,
                 from ../src/main_v2_impl.c:9:
../../ur_bsp/ps7_cortexa9_0/include/xil_printf.h:36:6: note: declared here
 void print( const char8 *ptr);
      ^
../src/main_v2_impl.c: In function 'setCharDisplay':
../src/main_v2_impl.c:407:8: warning: unused variable 'outputDigit' [-Wunused-variable]
   char outputDigit[7][5];
        ^
make: *** [src/main_v2_impl.o] Error 1
17:36:06 **** Auto Build of configuration Debug for project ur ****
make pre-build main-build 
a9-linaro-pre-build-step
' '
'Building file: ../src/main_v2_impl.c'
'Invoking: ARM v7 gcc compiler'
arm-none-eabi-gcc -Wall -O0 -g3 -c -fmessage-length=0 -MT"src/main_v2_impl.o" -mcpu=cortex-a9 -mfpu=vfpv3 -mfloat-abi=hard -I../../ur_bsp/ps7_cortexa9_0/include -MMD -MP -MF"src/main_v2_impl.d" -MT"src/main_v2_impl.o" -o "src/main_v2_impl.o" "../src/main_v2_impl.c"
../src/main_v2_impl.c: In function 'printDisplay':
../src/main_v2_impl.c:389:20: error: invalid type argument of unary '*' (have 'int')
        print("%d", *hej);
                    ^
../src/main_v2_impl.c:389:8: error: too many arguments to function 'print'
        print("%d", *hej);
        ^
In file included from ../../ur_bsp/ps7_cortexa9_0/include/xil_io.h:63:0,
                 from ../../ur_bsp/ps7_cortexa9_0/include/xgpio_l.h:87,
                 from ../../ur_bsp/ps7_cortexa9_0/include/xgpio.h:128,
                 from ../src/main_v2_impl.c:9:
../../ur_bsp/ps7_cortexa9_0/include/xil_printf.h:36:6: note: declared here
 void print( const char8 *ptr);
      ^
../src/main_v2_impl.c: In function 'setCharDisplay':
../src/main_v2_impl.c:407:8: warning: unused variable 'outputDigit' [-Wunused-variable]
   char outputDigit[7][5];
        ^
make: *** [src/main_v2_impl.o] Error 1
17:37:29 **** Auto Build of configuration Debug for project ur ****
make pre-build main-build 
a9-linaro-pre-build-step
' '
'Building file: ../src/main_v2_impl.c'
'Invoking: ARM v7 gcc compiler'
arm-none-eabi-gcc -Wall -O0 -g3 -c -fmessage-length=0 -MT"src/main_v2_impl.o" -mcpu=cortex-a9 -mfpu=vfpv3 -mfloat-abi=hard -I../../ur_bsp/ps7_cortexa9_0/include -MMD -MP -MF"src/main_v2_impl.d" -MT"src/main_v2_impl.o" -o "src/main_v2_impl.o" "../src/main_v2_impl.c"
../src/main_v2_impl.c: In function 'printDisplay':
../src/main_v2_impl.c:389:20: error: invalid type argument of unary '*' (have 'int')
        print("%i", *hej);
                    ^
../src/main_v2_impl.c:389:8: error: too many arguments to function 'print'
        print("%i", *hej);
        ^
In file included from ../../ur_bsp/ps7_cortexa9_0/include/xil_io.h:63:0,
                 from ../../ur_bsp/ps7_cortexa9_0/include/xgpio_l.h:87,
                 from ../../ur_bsp/ps7_cortexa9_0/include/xgpio.h:128,
                 from ../src/main_v2_impl.c:9:
../../ur_bsp/ps7_cortexa9_0/include/xil_printf.h:36:6: note: declared here
 void print( const char8 *ptr);
      ^
../src/main_v2_impl.c: In function 'setCharDisplay':
../src/main_v2_impl.c:407:8: warning: unused variable 'outputDigit' [-Wunused-variable]
   char outputDigit[7][5];
        ^
make: *** [src/main_v2_impl.o] Error 1
17:41:45 **** Auto Build of configuration Debug for project ur ****
make pre-build main-build 
a9-linaro-pre-build-step
' '
'Building file: ../src/main_v2_impl.c'
'Invoking: ARM v7 gcc compiler'
arm-none-eabi-gcc -Wall -O0 -g3 -c -fmessage-length=0 -MT"src/main_v2_impl.o" -mcpu=cortex-a9 -mfpu=vfpv3 -mfloat-abi=hard -I../../ur_bsp/ps7_cortexa9_0/include -MMD -MP -MF"src/main_v2_impl.d" -MT"src/main_v2_impl.o" -o "src/main_v2_impl.o" "../src/main_v2_impl.c"
../src/main_v2_impl.c: In function 'printDisplay':
../src/main_v2_impl.c:389:8: warning: implicit declaration of function 'xil_print' [-Wimplicit-function-declaration]
        xil_print("%i", *hej);
        ^
../src/main_v2_impl.c:389:24: error: invalid type argument of unary '*' (have 'int')
        xil_print("%i", *hej);
                        ^
../src/main_v2_impl.c: In function 'setCharDisplay':
../src/main_v2_impl.c:407:8: warning: unused variable 'outputDigit' [-Wunused-variable]
   char outputDigit[7][5];
        ^
make: *** [src/main_v2_impl.o] Error 1
17:42:02 **** Auto Build of configuration Debug for project ur ****
make pre-build main-build 
a9-linaro-pre-build-step
' '
'Building file: ../src/main_v2_impl.c'
'Invoking: ARM v7 gcc compiler'
arm-none-eabi-gcc -Wall -O0 -g3 -c -fmessage-length=0 -MT"src/main_v2_impl.o" -mcpu=cortex-a9 -mfpu=vfpv3 -mfloat-abi=hard -I../../ur_bsp/ps7_cortexa9_0/include -MMD -MP -MF"src/main_v2_impl.d" -MT"src/main_v2_impl.o" -o "src/main_v2_impl.o" "../src/main_v2_impl.c"
../src/main_v2_impl.c: In function 'printDisplay':
../src/main_v2_impl.c:389:8: warning: implicit declaration of function 'xil_print' [-Wimplicit-function-declaration]
        xil_print("%d", *hej);
        ^
../src/main_v2_impl.c:389:24: error: invalid type argument of unary '*' (have 'int')
        xil_print("%d", *hej);
                        ^
../src/main_v2_impl.c: In function 'setCharDisplay':
../src/main_v2_impl.c:407:8: warning: unused variable 'outputDigit' [-Wunused-variable]
   char outputDigit[7][5];
        ^
make: *** [src/main_v2_impl.o] Error 1
17:42:15 **** Auto Build of configuration Debug for project ur ****
make pre-build main-build 
a9-linaro-pre-build-step
' '
'Building file: ../src/main_v2_impl.c'
'Invoking: ARM v7 gcc compiler'
arm-none-eabi-gcc -Wall -O0 -g3 -c -fmessage-length=0 -MT"src/main_v2_impl.o" -mcpu=cortex-a9 -mfpu=vfpv3 -mfloat-abi=hard -I../../ur_bsp/ps7_cortexa9_0/include -MMD -MP -MF"src/main_v2_impl.d" -MT"src/main_v2_impl.o" -o "src/main_v2_impl.o" "../src/main_v2_impl.c"
../src/main_v2_impl.c: In function 'printDisplay':
../src/main_v2_impl.c:389:8: warning: implicit declaration of function 'xil_print' [-Wimplicit-function-declaration]
        xil_print("%d", hej);
        ^
../src/main_v2_impl.c: In function 'setCharDisplay':
../src/main_v2_impl.c:407:8: warning: unused variable 'outputDigit' [-Wunused-variable]
   char outputDigit[7][5];
        ^
'Finished building: ../src/main_v2_impl.c'
' '
'Building target: ur.elf'
'Invoking: ARM v7 gcc linker'
arm-none-eabi-gcc -mcpu=cortex-a9 -mfpu=vfpv3 -mfloat-abi=hard -Wl,-build-id=none -specs=Xilinx.spec -Wl,-T -Wl,../src/lscript.ld -L../../ur_bsp/ps7_cortexa9_0/lib -o "ur.elf"  ./src/main_v2_impl.o   -Wl,--start-group,-lxil,-lgcc,-lc,--end-group
./src/main_v2_impl.o: In function `printDisplay':
C:\Projects\Casioproject\project_1\project_1.sdk\ur\Debug/../src/main_v2_impl.c:389: undefined reference to `xil_print'
collect2.exe: error: ld returned 1 exit status
make: *** [ur.elf] Error 1
17:42:42 **** Auto Build of configuration Debug for project ur ****
make pre-build main-build 
a9-linaro-pre-build-step
' '
'Building file: ../src/main_v2_impl.c'
'Invoking: ARM v7 gcc compiler'
arm-none-eabi-gcc -Wall -O0 -g3 -c -fmessage-length=0 -MT"src/main_v2_impl.o" -mcpu=cortex-a9 -mfpu=vfpv3 -mfloat-abi=hard -I../../ur_bsp/ps7_cortexa9_0/include -MMD -MP -MF"src/main_v2_impl.d" -MT"src/main_v2_impl.o" -o "src/main_v2_impl.o" "../src/main_v2_impl.c"
../src/main_v2_impl.c: In function 'setCharDisplay':
../src/main_v2_impl.c:407:8: warning: unused variable 'outputDigit' [-Wunused-variable]
   char outputDigit[7][5];
        ^
'Finished building: ../src/main_v2_impl.c'
' '
'Building target: ur.elf'
'Invoking: ARM v7 gcc linker'
arm-none-eabi-gcc -mcpu=cortex-a9 -mfpu=vfpv3 -mfloat-abi=hard -Wl,-build-id=none -specs=Xilinx.spec -Wl,-T -Wl,../src/lscript.ld -L../../ur_bsp/ps7_cortexa9_0/lib -o "ur.elf"  ./src/main_v2_impl.o   -Wl,--start-group,-lxil,-lgcc,-lc,--end-group
'Finished building target: ur.elf'
' '
'Invoking: ARM v7 Print Size'
arm-none-eabi-size ur.elf  |tee "ur.elf.size"
   text	   data	    bss	    dec	    hex	filename
  29100	   1532	  23192	  53824	   d240	ur.elf
'Finished building: ur.elf.size'
' '
17:43:21 **** Auto Build of configuration Debug for project ur ****
make pre-build main-build 
a9-linaro-pre-build-step
' '
'Building file: ../src/main_v2_impl.c'
'Invoking: ARM v7 gcc compiler'
arm-none-eabi-gcc -Wall -O0 -g3 -c -fmessage-length=0 -MT"src/main_v2_impl.o" -mcpu=cortex-a9 -mfpu=vfpv3 -mfloat-abi=hard -I../../ur_bsp/ps7_cortexa9_0/include -MMD -MP -MF"src/main_v2_impl.d" -MT"src/main_v2_impl.o" -o "src/main_v2_impl.o" "../src/main_v2_impl.c"
../src/main_v2_impl.c: In function 'printDisplay':
../src/main_v2_impl.c:389:19: warning: passing argument 1 of 'xil_printf' makes pointer from integer without a cast [-Wint-conversion]
        xil_printf(display[j][i]));
                   ^
In file included from ../../ur_bsp/ps7_cortexa9_0/include/xil_io.h:63:0,
                 from ../../ur_bsp/ps7_cortexa9_0/include/xgpio_l.h:87,
                 from ../../ur_bsp/ps7_cortexa9_0/include/xgpio.h:128,
                 from ../src/main_v2_impl.c:9:
../../ur_bsp/ps7_cortexa9_0/include/xil_printf.h:35:6: note: expected 'const char8 * {aka const char *}' but argument is of type 'char'
 void xil_printf( const char8 *ctrl1, ...);
      ^
../src/main_v2_impl.c:389:33: error: expected ';' before ')' token
        xil_printf(display[j][i]));
                                 ^
../src/main_v2_impl.c:389:33: error: expected statement before ')' token
../src/main_v2_impl.c:384:5: warning: unused variable 'hej' [-Wunused-variable]
 int hej = 2;
     ^
../src/main_v2_impl.c: In function 'setCharDisplay':
../src/main_v2_impl.c:407:8: warning: unused variable 'outputDigit' [-Wunused-variable]
   char outputDigit[7][5];
        ^
make: *** [src/main_v2_impl.o] Error 1
17:43:31 **** Auto Build of configuration Debug for project ur ****
make pre-build main-build 
a9-linaro-pre-build-step
' '
'Building file: ../src/main_v2_impl.c'
'Invoking: ARM v7 gcc compiler'
arm-none-eabi-gcc -Wall -O0 -g3 -c -fmessage-length=0 -MT"src/main_v2_impl.o" -mcpu=cortex-a9 -mfpu=vfpv3 -mfloat-abi=hard -I../../ur_bsp/ps7_cortexa9_0/include -MMD -MP -MF"src/main_v2_impl.d" -MT"src/main_v2_impl.o" -o "src/main_v2_impl.o" "../src/main_v2_impl.c"
../src/main_v2_impl.c: In function 'printDisplay':
../src/main_v2_impl.c:389:19: warning: passing argument 1 of 'xil_printf' makes pointer from integer without a cast [-Wint-conversion]
        xil_printf(display[j][i]);
                   ^
In file included from ../../ur_bsp/ps7_cortexa9_0/include/xil_io.h:63:0,
                 from ../../ur_bsp/ps7_cortexa9_0/include/xgpio_l.h:87,
                 from ../../ur_bsp/ps7_cortexa9_0/include/xgpio.h:128,
                 from ../src/main_v2_impl.c:9:
../../ur_bsp/ps7_cortexa9_0/include/xil_printf.h:35:6: note: expected 'const char8 * {aka const char *}' but argument is of type 'char'
 void xil_printf( const char8 *ctrl1, ...);
      ^
../src/main_v2_impl.c:384:5: warning: unused variable 'hej' [-Wunused-variable]
 int hej = 2;
     ^
../src/main_v2_impl.c: In function 'setCharDisplay':
../src/main_v2_impl.c:407:8: warning: unused variable 'outputDigit' [-Wunused-variable]
   char outputDigit[7][5];
        ^
'Finished building: ../src/main_v2_impl.c'
' '
'Building target: ur.elf'
'Invoking: ARM v7 gcc linker'
arm-none-eabi-gcc -mcpu=cortex-a9 -mfpu=vfpv3 -mfloat-abi=hard -Wl,-build-id=none -specs=Xilinx.spec -Wl,-T -Wl,../src/lscript.ld -L../../ur_bsp/ps7_cortexa9_0/lib -o "ur.elf"  ./src/main_v2_impl.o   -Wl,--start-group,-lxil,-lgcc,-lc,--end-group
'Finished building target: ur.elf'
' '
'Invoking: ARM v7 Print Size'
arm-none-eabi-size ur.elf  |tee "ur.elf.size"
   text	   data	    bss	    dec	    hex	filename
  29096	   1532	  23192	  53820	   d23c	ur.elf
'Finished building: ur.elf.size'
' '
17:43:52 **** Incremental Build of configuration Debug for project hello ****
make pre-build main-build 
a9-linaro-pre-build-step
' '
make: Nothing to be done for `main-build'.
17:43:53 **** Incremental Build of configuration Debug for project ur ****
make pre-build main-build 
a9-linaro-pre-build-step
' '
make: Nothing to be done for `main-build'.
17:46:51 **** Incremental Build of configuration Debug for project hello ****
make pre-build main-build 
a9-linaro-pre-build-step
' '
make: Nothing to be done for `main-build'.
17:46:52 **** Incremental Build of configuration Debug for project ur ****
make pre-build main-build 
a9-linaro-pre-build-step
' '
make: Nothing to be done for `main-build'.
17:48:54 **** Auto Build of configuration Debug for project ur ****
make pre-build main-build 
a9-linaro-pre-build-step
' '
'Building file: ../src/main_v2_impl.c'
'Invoking: ARM v7 gcc compiler'
arm-none-eabi-gcc -Wall -O0 -g3 -c -fmessage-length=0 -MT"src/main_v2_impl.o" -mcpu=cortex-a9 -mfpu=vfpv3 -mfloat-abi=hard -I../../ur_bsp/ps7_cortexa9_0/include -MMD -MP -MF"src/main_v2_impl.d" -MT"src/main_v2_impl.o" -o "src/main_v2_impl.o" "../src/main_v2_impl.c"
../src/main_v2_impl.c: In function 'printDisplay':
../src/main_v2_impl.c:389:19: warning: passing argument 1 of 'xil_printf' makes pointer from integer without a cast [-Wint-conversion]
        xil_printf(display[j][i]);
                   ^
In file included from ../../ur_bsp/ps7_cortexa9_0/include/xil_io.h:63:0,
                 from ../../ur_bsp/ps7_cortexa9_0/include/xgpio_l.h:87,
                 from ../../ur_bsp/ps7_cortexa9_0/include/xgpio.h:128,
                 from ../src/main_v2_impl.c:9:
../../ur_bsp/ps7_cortexa9_0/include/xil_printf.h:35:6: note: expected 'const char8 * {aka const char *}' but argument is of type 'char'
 void xil_printf( const char8 *ctrl1, ...);
      ^
../src/main_v2_impl.c:384:5: warning: unused variable 'hej' [-Wunused-variable]
 int hej = 2;
     ^
../src/main_v2_impl.c: In function 'setCharDisplay':
../src/main_v2_impl.c:407:8: warning: unused variable 'outputDigit' [-Wunused-variable]
   char outputDigit[7][5];
        ^
'Finished building: ../src/main_v2_impl.c'
' '
'Building target: ur.elf'
'Invoking: ARM v7 gcc linker'
arm-none-eabi-gcc -mcpu=cortex-a9 -mfpu=vfpv3 -mfloat-abi=hard -Wl,-build-id=none -specs=Xilinx.spec -Wl,-T -Wl,../src/lscript.ld -L../../ur_bsp/ps7_cortexa9_0/lib -o "ur.elf"  ./src/main_v2_impl.o   -Wl,--start-group,-lxil,-lgcc,-lc,--end-group
'Finished building target: ur.elf'
' '
'Invoking: ARM v7 Print Size'
arm-none-eabi-size ur.elf  |tee "ur.elf.size"
   text	   data	    bss	    dec	    hex	filename
  29096	   1532	  23192	  53820	   d23c	ur.elf
'Finished building: ur.elf.size'
' '
17:49:02 **** Incremental Build of configuration Debug for project hello ****
make pre-build main-build 
a9-linaro-pre-build-step
' '
make: Nothing to be done for `main-build'.
17:49:03 **** Incremental Build of configuration Debug for project ur ****
make pre-build main-build 
a9-linaro-pre-build-step
' '
make: Nothing to be done for `main-build'.
17:50:55 **** Auto Build of configuration Debug for project ur ****
make pre-build main-build 
a9-linaro-pre-build-step
' '
'Building file: ../src/main_v2_impl.c'
'Invoking: ARM v7 gcc compiler'
arm-none-eabi-gcc -Wall -O0 -g3 -c -fmessage-length=0 -MT"src/main_v2_impl.o" -mcpu=cortex-a9 -mfpu=vfpv3 -mfloat-abi=hard -I../../ur_bsp/ps7_cortexa9_0/include -MMD -MP -MF"src/main_v2_impl.d" -MT"src/main_v2_impl.o" -o "src/main_v2_impl.o" "../src/main_v2_impl.c"
../src/main_v2_impl.c: In function 'printDisplay':
../src/main_v2_impl.c:389:19: warning: passing argument 1 of 'xil_printf' makes pointer from integer without a cast [-Wint-conversion]
        xil_printf(display[j][i]);
                   ^
In file included from ../../ur_bsp/ps7_cortexa9_0/include/xil_io.h:63:0,
                 from ../../ur_bsp/ps7_cortexa9_0/include/xgpio_l.h:87,
                 from ../../ur_bsp/ps7_cortexa9_0/include/xgpio.h:128,
                 from ../src/main_v2_impl.c:9:
../../ur_bsp/ps7_cortexa9_0/include/xil_printf.h:35:6: note: expected 'const char8 * {aka const char *}' but argument is of type 'char'
 void xil_printf( const char8 *ctrl1, ...);
      ^
../src/main_v2_impl.c:384:5: warning: unused variable 'hej' [-Wunused-variable]
 int hej = 2;
     ^
../src/main_v2_impl.c: In function 'setCharDisplay':
../src/main_v2_impl.c:407:8: warning: unused variable 'outputDigit' [-Wunused-variable]
   char outputDigit[7][5];
        ^
'Finished building: ../src/main_v2_impl.c'
' '
'Building target: ur.elf'
'Invoking: ARM v7 gcc linker'
arm-none-eabi-gcc -mcpu=cortex-a9 -mfpu=vfpv3 -mfloat-abi=hard -Wl,-build-id=none -specs=Xilinx.spec -Wl,-T -Wl,../src/lscript.ld -L../../ur_bsp/ps7_cortexa9_0/lib -o "ur.elf"  ./src/main_v2_impl.o   -Wl,--start-group,-lxil,-lgcc,-lc,--end-group
'Finished building target: ur.elf'
' '
'Invoking: ARM v7 Print Size'
arm-none-eabi-size ur.elf  |tee "ur.elf.size"
   text	   data	    bss	    dec	    hex	filename
  29096	   1532	  23192	  53820	   d23c	ur.elf
'Finished building: ur.elf.size'
' '
17:51:02 **** Incremental Build of configuration Debug for project hello ****
make pre-build main-build 
a9-linaro-pre-build-step
' '
make: Nothing to be done for `main-build'.
17:51:03 **** Incremental Build of configuration Debug for project ur ****
make pre-build main-build 
a9-linaro-pre-build-step
' '
make: Nothing to be done for `main-build'.
17:54:11 **** Auto Build of configuration Debug for project ur ****
make pre-build main-build 
a9-linaro-pre-build-step
' '
'Building file: ../src/main_v2_impl.c'
'Invoking: ARM v7 gcc compiler'
arm-none-eabi-gcc -Wall -O0 -g3 -c -fmessage-length=0 -MT"src/main_v2_impl.o" -mcpu=cortex-a9 -mfpu=vfpv3 -mfloat-abi=hard -I../../ur_bsp/ps7_cortexa9_0/include -MMD -MP -MF"src/main_v2_impl.d" -MT"src/main_v2_impl.o" -o "src/main_v2_impl.o" "../src/main_v2_impl.c"
../src/main_v2_impl.c: In function 'printDisplay':
../src/main_v2_impl.c:389:19: warning: passing argument 1 of 'xil_printf' makes pointer from integer without a cast [-Wint-conversion]
        xil_printf(display[j][i]);
                   ^
In file included from ../../ur_bsp/ps7_cortexa9_0/include/xil_io.h:63:0,
                 from ../../ur_bsp/ps7_cortexa9_0/include/xgpio_l.h:87,
                 from ../../ur_bsp/ps7_cortexa9_0/include/xgpio.h:128,
                 from ../src/main_v2_impl.c:9:
../../ur_bsp/ps7_cortexa9_0/include/xil_printf.h:35:6: note: expected 'const char8 * {aka const char *}' but argument is of type 'char'
 void xil_printf( const char8 *ctrl1, ...);
      ^
../src/main_v2_impl.c:384:5: warning: unused variable 'hej' [-Wunused-variable]
 int hej = 2;
     ^
../src/main_v2_impl.c: In function 'setCharDisplay':
../src/main_v2_impl.c:407:8: warning: unused variable 'outputDigit' [-Wunused-variable]
   char outputDigit[7][5];
        ^
'Finished building: ../src/main_v2_impl.c'
' '
'Building target: ur.elf'
'Invoking: ARM v7 gcc linker'
arm-none-eabi-gcc -mcpu=cortex-a9 -mfpu=vfpv3 -mfloat-abi=hard -Wl,-build-id=none -specs=Xilinx.spec -Wl,-T -Wl,../src/lscript.ld -L../../ur_bsp/ps7_cortexa9_0/lib -o "ur.elf"  ./src/main_v2_impl.o   -Wl,--start-group,-lxil,-lgcc,-lc,--end-group
'Finished building target: ur.elf'
' '
'Invoking: ARM v7 Print Size'
arm-none-eabi-size ur.elf  |tee "ur.elf.size"
   text	   data	    bss	    dec	    hex	filename
  29108	   1532	  23192	  53832	   d248	ur.elf
'Finished building: ur.elf.size'
' '
17:54:19 **** Incremental Build of configuration Debug for project ur ****
make pre-build main-build 
a9-linaro-pre-build-step
' '
make: Nothing to be done for `main-build'.
17:55:39 **** Incremental Build of configuration Debug for project hello ****
make pre-build main-build 
a9-linaro-pre-build-step
' '
make: Nothing to be done for `main-build'.
17:55:40 **** Incremental Build of configuration Debug for project ur ****
make pre-build main-build 
a9-linaro-pre-build-step
' '
make: Nothing to be done for `main-build'.
17:57:11 **** Incremental Build of configuration Debug for project hello ****
make pre-build main-build 
a9-linaro-pre-build-step
' '
make: Nothing to be done for `main-build'.
17:57:12 **** Incremental Build of configuration Debug for project ur ****
make pre-build main-build 
a9-linaro-pre-build-step
' '
make: Nothing to be done for `main-build'.
17:57:33 **** Incremental Build of configuration Debug for project ur ****
make pre-build main-build 
a9-linaro-pre-build-step
' '
make: Nothing to be done for `main-build'.
17:58:14 **** Incremental Build of configuration Debug for project hello ****
make pre-build main-build 
a9-linaro-pre-build-step
' '
make: Nothing to be done for `main-build'.
17:58:15 **** Incremental Build of configuration Debug for project ur ****
make pre-build main-build 
a9-linaro-pre-build-step
' '
make: Nothing to be done for `main-build'.
17:59:44 **** Incremental Build of configuration Debug for project hello ****
make pre-build main-build 
a9-linaro-pre-build-step
' '
make: Nothing to be done for `main-build'.
17:59:45 **** Incremental Build of configuration Debug for project ur ****
make pre-build main-build 
a9-linaro-pre-build-step
' '
make: Nothing to be done for `main-build'.
18:06:56 **** Auto Build of configuration Debug for project ur ****
make pre-build main-build 
a9-linaro-pre-build-step
' '
'Building file: ../src/main_v2_impl.c'
'Invoking: ARM v7 gcc compiler'
arm-none-eabi-gcc -Wall -O0 -g3 -c -fmessage-length=0 -MT"src/main_v2_impl.o" -mcpu=cortex-a9 -mfpu=vfpv3 -mfloat-abi=hard -I../../ur_bsp/ps7_cortexa9_0/include -MMD -MP -MF"src/main_v2_impl.d" -MT"src/main_v2_impl.o" -o "src/main_v2_impl.o" "../src/main_v2_impl.c"
../src/main_v2_impl.c: In function 'printDisplay':
../src/main_v2_impl.c:389:19: warning: passing argument 1 of 'xil_printf' makes pointer from integer without a cast [-Wint-conversion]
        xil_printf(display[j][i]);
                   ^
In file included from ../../ur_bsp/ps7_cortexa9_0/include/xil_io.h:63:0,
                 from ../../ur_bsp/ps7_cortexa9_0/include/xgpio_l.h:87,
                 from ../../ur_bsp/ps7_cortexa9_0/include/xgpio.h:128,
                 from ../src/main_v2_impl.c:9:
../../ur_bsp/ps7_cortexa9_0/include/xil_printf.h:35:6: note: expected 'const char8 * {aka const char *}' but argument is of type 'char'
 void xil_printf( const char8 *ctrl1, ...);
      ^
../src/main_v2_impl.c:384:5: warning: unused variable 'hej' [-Wunused-variable]
 int hej = 2;
     ^
../src/main_v2_impl.c: In function 'setCharDisplay':
../src/main_v2_impl.c:407:8: warning: unused variable 'outputDigit' [-Wunused-variable]
   char outputDigit[7][5];
        ^
'Finished building: ../src/main_v2_impl.c'
' '
'Building target: ur.elf'
'Invoking: ARM v7 gcc linker'
arm-none-eabi-gcc -mcpu=cortex-a9 -mfpu=vfpv3 -mfloat-abi=hard -Wl,-build-id=none -specs=Xilinx.spec -Wl,-T -Wl,../src/lscript.ld -L../../ur_bsp/ps7_cortexa9_0/lib -o "ur.elf"  ./src/main_v2_impl.o   -Wl,--start-group,-lxil,-lgcc,-lc,--end-group
'Finished building target: ur.elf'
' '
'Invoking: ARM v7 Print Size'
arm-none-eabi-size ur.elf  |tee "ur.elf.size"
   text	   data	    bss	    dec	    hex	filename
  29108	   1532	  23192	  53832	   d248	ur.elf
'Finished building: ur.elf.size'
' '
18:07:04 **** Incremental Build of configuration Debug for project hello ****
make pre-build main-build 
a9-linaro-pre-build-step
' '
make: Nothing to be done for `main-build'.
18:07:05 **** Incremental Build of configuration Debug for project ur ****
make pre-build main-build 
a9-linaro-pre-build-step
' '
make: Nothing to be done for `main-build'.
09:11:22 **** Build of project timerinterrupt_bsp ****
make -k all 
"Running Make include in ps7_cortexa9_0/libsrc/coresightps_dcc_v1_3/src"
make -C ps7_cortexa9_0/libsrc/coresightps_dcc_v1_3/src -s include  "SHELL=CMD" "COMPILER=arm-none-eabi-gcc" "ARCHIVER=arm-none-eabi-ar" "COMPILER_FLAGS=  -O2 -c" "EXTRA_COMPILER_FLAGS=-mcpu=cortex-a9 -mfpu=vfpv3 -mfloat-abi=hard -nostartfiles"
"Running Make include in ps7_cortexa9_0/libsrc/cpu_cortexa9_v2_3/src"
make -C ps7_cortexa9_0/libsrc/cpu_cortexa9_v2_3/src -s include  "SHELL=CMD" "COMPILER=arm-none-eabi-gcc" "ARCHIVER=arm-none-eabi-ar" "COMPILER_FLAGS=  -O2 -c" "EXTRA_COMPILER_FLAGS=-mcpu=cortex-a9 -mfpu=vfpv3 -mfloat-abi=hard -nostartfiles"
"Running Make include in ps7_cortexa9_0/libsrc/ddrps_v1_0/src"
make -C ps7_cortexa9_0/libsrc/ddrps_v1_0/src -s include  "SHELL=CMD" "COMPILER=arm-none-eabi-gcc" "ARCHIVER=arm-none-eabi-ar" "COMPILER_FLAGS=  -O2 -c" "EXTRA_COMPILER_FLAGS=-mcpu=cortex-a9 -mfpu=vfpv3 -mfloat-abi=hard -nostartfiles"
"Running Make include in ps7_cortexa9_0/libsrc/devcfg_v3_4/src"
make -C ps7_cortexa9_0/libsrc/devcfg_v3_4/src -s include  "SHELL=CMD" "COMPILER=arm-none-eabi-gcc" "ARCHIVER=arm-none-eabi-ar" "COMPILER_FLAGS=  -O2 -c" "EXTRA_COMPILER_FLAGS=-mcpu=cortex-a9 -mfpu=vfpv3 -mfloat-abi=hard -nostartfiles"
"Running Make include in ps7_cortexa9_0/libsrc/dmaps_v2_2/src"
make -C ps7_cortexa9_0/libsrc/dmaps_v2_2/src -s include  "SHELL=CMD" "COMPILER=arm-none-eabi-gcc" "ARCHIVER=arm-none-eabi-ar" "COMPILER_FLAGS=  -O2 -c" "EXTRA_COMPILER_FLAGS=-mcpu=cortex-a9 -mfpu=vfpv3 -mfloat-abi=hard -nostartfiles"
"Running Make include in ps7_cortexa9_0/libsrc/emacps_v3_3/src"
make -C ps7_cortexa9_0/libsrc/emacps_v3_3/src -s include  "SHELL=CMD" "COMPILER=arm-none-eabi-gcc" "ARCHIVER=arm-none-eabi-ar" "COMPILER_FLAGS=  -O2 -c" "EXTRA_COMPILER_FLAGS=-mcpu=cortex-a9 -mfpu=vfpv3 -mfloat-abi=hard -nostartfiles"
"Running Make include in ps7_cortexa9_0/libsrc/gpio_v4_2/src"
make -C ps7_cortexa9_0/libsrc/gpio_v4_2/src -s include  "SHELL=CMD" "COMPILER=arm-none-eabi-gcc" "ARCHIVER=arm-none-eabi-ar" "COMPILER_FLAGS=  -O2 -c" "EXTRA_COMPILER_FLAGS=-mcpu=cortex-a9 -mfpu=vfpv3 -mfloat-abi=hard -nostartfiles"
"Running Make include in ps7_cortexa9_0/libsrc/gpiops_v3_1/src"
make -C ps7_cortexa9_0/libsrc/gpiops_v3_1/src -s include  "SHELL=CMD" "COMPILER=arm-none-eabi-gcc" "ARCHIVER=arm-none-eabi-ar" "COMPILER_FLAGS=  -O2 -c" "EXTRA_COMPILER_FLAGS=-mcpu=cortex-a9 -mfpu=vfpv3 -mfloat-abi=hard -nostartfiles"
"Running Make include in ps7_cortexa9_0/libsrc/qspips_v3_3/src"
make -C ps7_cortexa9_0/libsrc/qspips_v3_3/src -s include  "SHELL=CMD" "COMPILER=arm-none-eabi-gcc" "ARCHIVER=arm-none-eabi-ar" "COMPILER_FLAGS=  -O2 -c" "EXTRA_COMPILER_FLAGS=-mcpu=cortex-a9 -mfpu=vfpv3 -mfloat-abi=hard -nostartfiles"
"Running Make include in ps7_cortexa9_0/libsrc/scugic_v3_4/src"
make -C ps7_cortexa9_0/libsrc/scugic_v3_4/src -s include  "SHELL=CMD" "COMPILER=arm-none-eabi-gcc" "ARCHIVER=arm-none-eabi-ar" "COMPILER_FLAGS=  -O2 -c" "EXTRA_COMPILER_FLAGS=-mcpu=cortex-a9 -mfpu=vfpv3 -mfloat-abi=hard -nostartfiles"
"Running Make include in ps7_cortexa9_0/libsrc/scutimer_v2_1/src"
make -C ps7_cortexa9_0/libsrc/scutimer_v2_1/src -s include  "SHELL=CMD" "COMPILER=arm-none-eabi-gcc" "ARCHIVER=arm-none-eabi-ar" "COMPILER_FLAGS=  -O2 -c" "EXTRA_COMPILER_FLAGS=-mcpu=cortex-a9 -mfpu=vfpv3 -mfloat-abi=hard -nostartfiles"
"Running Make include in ps7_cortexa9_0/libsrc/scuwdt_v2_1/src"
make -C ps7_cortexa9_0/libsrc/scuwdt_v2_1/src -s include  "SHELL=CMD" "COMPILER=arm-none-eabi-gcc" "ARCHIVER=arm-none-eabi-ar" "COMPILER_FLAGS=  -O2 -c" "EXTRA_COMPILER_FLAGS=-mcpu=cortex-a9 -mfpu=vfpv3 -mfloat-abi=hard -nostartfiles"
"Running Make include in ps7_cortexa9_0/libsrc/sdps_v3_0/src"
make -C ps7_cortexa9_0/libsrc/sdps_v3_0/src -s include  "SHELL=CMD" "COMPILER=arm-none-eabi-gcc" "ARCHIVER=arm-none-eabi-ar" "COMPILER_FLAGS=  -O2 -c" "EXTRA_COMPILER_FLAGS=-mcpu=cortex-a9 -mfpu=vfpv3 -mfloat-abi=hard -nostartfiles"
"Running Make include in ps7_cortexa9_0/libsrc/standalone_v6_0/src"
make -C ps7_cortexa9_0/libsrc/standalone_v6_0/src -s include  "SHELL=CMD" "COMPILER=arm-none-eabi-gcc" "ARCHIVER=arm-none-eabi-ar" "COMPILER_FLAGS=  -O2 -c" "EXTRA_COMPILER_FLAGS=-mcpu=cortex-a9 -mfpu=vfpv3 -mfloat-abi=hard -nostartfiles"
"Running Make include in ps7_cortexa9_0/libsrc/tmrctr_v4_1/src"
make -C ps7_cortexa9_0/libsrc/tmrctr_v4_1/src -s include  "SHELL=CMD" "COMPILER=arm-none-eabi-gcc" "ARCHIVER=arm-none-eabi-ar" "COMPILER_FLAGS=  -O2 -c" "EXTRA_COMPILER_FLAGS=-mcpu=cortex-a9 -mfpu=vfpv3 -mfloat-abi=hard -nostartfiles"
"Running Make include in ps7_cortexa9_0/libsrc/ttcps_v3_1/src"
make -C ps7_cortexa9_0/libsrc/ttcps_v3_1/src -s include  "SHELL=CMD" "COMPILER=arm-none-eabi-gcc" "ARCHIVER=arm-none-eabi-ar" "COMPILER_FLAGS=  -O2 -c" "EXTRA_COMPILER_FLAGS=-mcpu=cortex-a9 -mfpu=vfpv3 -mfloat-abi=hard -nostartfiles"
"Running Make include in ps7_cortexa9_0/libsrc/uartps_v3_2/src"
make -C ps7_cortexa9_0/libsrc/uartps_v3_2/src -s include  "SHELL=CMD" "COMPILER=arm-none-eabi-gcc" "ARCHIVER=arm-none-eabi-ar" "COMPILER_FLAGS=  -O2 -c" "EXTRA_COMPILER_FLAGS=-mcpu=cortex-a9 -mfpu=vfpv3 -mfloat-abi=hard -nostartfiles"
"Running Make include in ps7_cortexa9_0/libsrc/usbps_v2_4/src"
make -C ps7_cortexa9_0/libsrc/usbps_v2_4/src -s include  "SHELL=CMD" "COMPILER=arm-none-eabi-gcc" "ARCHIVER=arm-none-eabi-ar" "COMPILER_FLAGS=  -O2 -c" "EXTRA_COMPILER_FLAGS=-mcpu=cortex-a9 -mfpu=vfpv3 -mfloat-abi=hard -nostartfiles"
"Running Make include in ps7_cortexa9_0/libsrc/xadcps_v2_2/src"
make -C ps7_cortexa9_0/libsrc/xadcps_v2_2/src -s include  "SHELL=CMD" "COMPILER=arm-none-eabi-gcc" "ARCHIVER=arm-none-eabi-ar" "COMPILER_FLAGS=  -O2 -c" "EXTRA_COMPILER_FLAGS=-mcpu=cortex-a9 -mfpu=vfpv3 -mfloat-abi=hard -nostartfiles"
"Running Make libs in ps7_cortexa9_0/libsrc/coresightps_dcc_v1_3/src"
make -C ps7_cortexa9_0/libsrc/coresightps_dcc_v1_3/src -s libs  "SHELL=CMD" "COMPILER=arm-none-eabi-gcc" "ARCHIVER=arm-none-eabi-ar" "COMPILER_FLAGS=  -O2 -c" "EXTRA_COMPILER_FLAGS=-mcpu=cortex-a9 -mfpu=vfpv3 -mfloat-abi=hard -nostartfiles"
"Compiling coresightps_dcc"
arm-none-eabi-ar: creating ../../../lib/libxil.a
"Running Make libs in ps7_cortexa9_0/libsrc/cpu_cortexa9_v2_3/src"
make -C ps7_cortexa9_0/libsrc/cpu_cortexa9_v2_3/src -s libs  "SHELL=CMD" "COMPILER=arm-none-eabi-gcc" "ARCHIVER=arm-none-eabi-ar" "COMPILER_FLAGS=  -O2 -c" "EXTRA_COMPILER_FLAGS=-mcpu=cortex-a9 -mfpu=vfpv3 -mfloat-abi=hard -nostartfiles"
"Compiling cpu_cortexa9"
"Running Make libs in ps7_cortexa9_0/libsrc/ddrps_v1_0/src"
make -C ps7_cortexa9_0/libsrc/ddrps_v1_0/src -s libs  "SHELL=CMD" "COMPILER=arm-none-eabi-gcc" "ARCHIVER=arm-none-eabi-ar" "COMPILER_FLAGS=  -O2 -c" "EXTRA_COMPILER_FLAGS=-mcpu=cortex-a9 -mfpu=vfpv3 -mfloat-abi=hard -nostartfiles"
"Compiling ddrps"
"Running Make libs in ps7_cortexa9_0/libsrc/devcfg_v3_4/src"
make -C ps7_cortexa9_0/libsrc/devcfg_v3_4/src -s libs  "SHELL=CMD" "COMPILER=arm-none-eabi-gcc" "ARCHIVER=arm-none-eabi-ar" "COMPILER_FLAGS=  -O2 -c" "EXTRA_COMPILER_FLAGS=-mcpu=cortex-a9 -mfpu=vfpv3 -mfloat-abi=hard -nostartfiles"
"Compiling devcfg"
"Running Make libs in ps7_cortexa9_0/libsrc/dmaps_v2_2/src"
make -C ps7_cortexa9_0/libsrc/dmaps_v2_2/src -s libs  "SHELL=CMD" "COMPILER=arm-none-eabi-gcc" "ARCHIVER=arm-none-eabi-ar" "COMPILER_FLAGS=  -O2 -c" "EXTRA_COMPILER_FLAGS=-mcpu=cortex-a9 -mfpu=vfpv3 -mfloat-abi=hard -nostartfiles"
"Compiling dmaps"
"Running Make libs in ps7_cortexa9_0/libsrc/emacps_v3_3/src"
make -C ps7_cortexa9_0/libsrc/emacps_v3_3/src -s libs  "SHELL=CMD" "COMPILER=arm-none-eabi-gcc" "ARCHIVER=arm-none-eabi-ar" "COMPILER_FLAGS=  -O2 -c" "EXTRA_COMPILER_FLAGS=-mcpu=cortex-a9 -mfpu=vfpv3 -mfloat-abi=hard -nostartfiles"
"Compiling emacps"
"Running Make libs in ps7_cortexa9_0/libsrc/gpio_v4_2/src"
make -C ps7_cortexa9_0/libsrc/gpio_v4_2/src -s libs  "SHELL=CMD" "COMPILER=arm-none-eabi-gcc" "ARCHIVER=arm-none-eabi-ar" "COMPILER_FLAGS=  -O2 -c" "EXTRA_COMPILER_FLAGS=-mcpu=cortex-a9 -mfpu=vfpv3 -mfloat-abi=hard -nostartfiles"
"Compiling gpio"
"Running Make libs in ps7_cortexa9_0/libsrc/gpiops_v3_1/src"
make -C ps7_cortexa9_0/libsrc/gpiops_v3_1/src -s libs  "SHELL=CMD" "COMPILER=arm-none-eabi-gcc" "ARCHIVER=arm-none-eabi-ar" "COMPILER_FLAGS=  -O2 -c" "EXTRA_COMPILER_FLAGS=-mcpu=cortex-a9 -mfpu=vfpv3 -mfloat-abi=hard -nostartfiles"
"Compiling gpiops"
"Running Make libs in ps7_cortexa9_0/libsrc/qspips_v3_3/src"
make -C ps7_cortexa9_0/libsrc/qspips_v3_3/src -s libs  "SHELL=CMD" "COMPILER=arm-none-eabi-gcc" "ARCHIVER=arm-none-eabi-ar" "COMPILER_FLAGS=  -O2 -c" "EXTRA_COMPILER_FLAGS=-mcpu=cortex-a9 -mfpu=vfpv3 -mfloat-abi=hard -nostartfiles"
"Compiling qspips"
"Running Make libs in ps7_cortexa9_0/libsrc/scugic_v3_4/src"
make -C ps7_cortexa9_0/libsrc/scugic_v3_4/src -s libs  "SHELL=CMD" "COMPILER=arm-none-eabi-gcc" "ARCHIVER=arm-none-eabi-ar" "COMPILER_FLAGS=  -O2 -c" "EXTRA_COMPILER_FLAGS=-mcpu=cortex-a9 -mfpu=vfpv3 -mfloat-abi=hard -nostartfiles"
"Compiling scugic"
"Running Make libs in ps7_cortexa9_0/libsrc/scutimer_v2_1/src"
make -C ps7_cortexa9_0/libsrc/scutimer_v2_1/src -s libs  "SHELL=CMD" "COMPILER=arm-none-eabi-gcc" "ARCHIVER=arm-none-eabi-ar" "COMPILER_FLAGS=  -O2 -c" "EXTRA_COMPILER_FLAGS=-mcpu=cortex-a9 -mfpu=vfpv3 -mfloat-abi=hard -nostartfiles"
"Compiling scutimer"
"Running Make libs in ps7_cortexa9_0/libsrc/scuwdt_v2_1/src"
make -C ps7_cortexa9_0/libsrc/scuwdt_v2_1/src -s libs  "SHELL=CMD" "COMPILER=arm-none-eabi-gcc" "ARCHIVER=arm-none-eabi-ar" "COMPILER_FLAGS=  -O2 -c" "EXTRA_COMPILER_FLAGS=-mcpu=cortex-a9 -mfpu=vfpv3 -mfloat-abi=hard -nostartfiles"
"Compiling scuwdt"
"Running Make libs in ps7_cortexa9_0/libsrc/sdps_v3_0/src"
make -C ps7_cortexa9_0/libsrc/sdps_v3_0/src -s libs  "SHELL=CMD" "COMPILER=arm-none-eabi-gcc" "ARCHIVER=arm-none-eabi-ar" "COMPILER_FLAGS=  -O2 -c" "EXTRA_COMPILER_FLAGS=-mcpu=cortex-a9 -mfpu=vfpv3 -mfloat-abi=hard -nostartfiles"
"Compiling sdps"
"Running Make libs in ps7_cortexa9_0/libsrc/standalone_v6_0/src"
make -C ps7_cortexa9_0/libsrc/standalone_v6_0/src -s libs  "SHELL=CMD" "COMPILER=arm-none-eabi-gcc" "ARCHIVER=arm-none-eabi-ar" "COMPILER_FLAGS=  -O2 -c" "EXTRA_COMPILER_FLAGS=-mcpu=cortex-a9 -mfpu=vfpv3 -mfloat-abi=hard -nostartfiles"
"Compiling standalone"
"Running Make libs in ps7_cortexa9_0/libsrc/tmrctr_v4_1/src"
make -C ps7_cortexa9_0/libsrc/tmrctr_v4_1/src -s libs  "SHELL=CMD" "COMPILER=arm-none-eabi-gcc" "ARCHIVER=arm-none-eabi-ar" "COMPILER_FLAGS=  -O2 -c" "EXTRA_COMPILER_FLAGS=-mcpu=cortex-a9 -mfpu=vfpv3 -mfloat-abi=hard -nostartfiles"
"Compiling tmrctr"
"Running Make libs in ps7_cortexa9_0/libsrc/ttcps_v3_1/src"
make -C ps7_cortexa9_0/libsrc/ttcps_v3_1/src -s libs  "SHELL=CMD" "COMPILER=arm-none-eabi-gcc" "ARCHIVER=arm-none-eabi-ar" "COMPILER_FLAGS=  -O2 -c" "EXTRA_COMPILER_FLAGS=-mcpu=cortex-a9 -mfpu=vfpv3 -mfloat-abi=hard -nostartfiles"
"Compiling ttcps"
"Running Make libs in ps7_cortexa9_0/libsrc/uartps_v3_2/src"
make -C ps7_cortexa9_0/libsrc/uartps_v3_2/src -s libs  "SHELL=CMD" "COMPILER=arm-none-eabi-gcc" "ARCHIVER=arm-none-eabi-ar" "COMPILER_FLAGS=  -O2 -c" "EXTRA_COMPILER_FLAGS=-mcpu=cortex-a9 -mfpu=vfpv3 -mfloat-abi=hard -nostartfiles"
"Compiling uartps"
[...]
"Compiling standalone"
"Running Make libs in ps7_cortexa9_0/libsrc/tmrctr_v4_1/src"
make -C ps7_cortexa9_0/libsrc/tmrctr_v4_1/src -s libs  "SHELL=CMD" "COMPILER=arm-none-eabi-gcc" "ARCHIVER=arm-none-eabi-ar" "COMPILER_FLAGS=  -O2 -c" "EXTRA_COMPILER_FLAGS=-mcpu=cortex-a9 -mfpu=vfpv3 -mfloat-abi=hard -nostartfiles"
"Compiling tmrctr"
"Running Make libs in ps7_cortexa9_0/libsrc/ttcps_v3_1/src"
make -C ps7_cortexa9_0/libsrc/ttcps_v3_1/src -s libs  "SHELL=CMD" "COMPILER=arm-none-eabi-gcc" "ARCHIVER=arm-none-eabi-ar" "COMPILER_FLAGS=  -O2 -c" "EXTRA_COMPILER_FLAGS=-mcpu=cortex-a9 -mfpu=vfpv3 -mfloat-abi=hard -nostartfiles"
"Compiling ttcps"
"Running Make libs in ps7_cortexa9_0/libsrc/uartps_v3_2/src"
make -C ps7_cortexa9_0/libsrc/uartps_v3_2/src -s libs  "SHELL=CMD" "COMPILER=arm-none-eabi-gcc" "ARCHIVER=arm-none-eabi-ar" "COMPILER_FLAGS=  -O2 -c" "EXTRA_COMPILER_FLAGS=-mcpu=cortex-a9 -mfpu=vfpv3 -mfloat-abi=hard -nostartfiles"
"Compiling uartps"
"Running Make libs in ps7_cortexa9_0/libsrc/usbps_v2_4/src"
make -C ps7_cortexa9_0/libsrc/usbps_v2_4/src -s libs  "SHELL=CMD" "COMPILER=arm-none-eabi-gcc" "ARCHIVER=arm-none-eabi-ar" "COMPILER_FLAGS=  -O2 -c" "EXTRA_COMPILER_FLAGS=-mcpu=cortex-a9 -mfpu=vfpv3 -mfloat-abi=hard -nostartfiles"
"Compiling usbps"
"Running Make libs in ps7_cortexa9_0/libsrc/xadcps_v2_2/src"
make -C ps7_cortexa9_0/libsrc/xadcps_v2_2/src -s libs  "SHELL=CMD" "COMPILER=arm-none-eabi-gcc" "ARCHIVER=arm-none-eabi-ar" "COMPILER_FLAGS=  -O2 -c" "EXTRA_COMPILER_FLAGS=-mcpu=cortex-a9 -mfpu=vfpv3 -mfloat-abi=hard -nostartfiles"
"Compiling xadcps"
'Finished building libraries'
10:09:38 **** Auto Build of configuration Debug for project timerinterrupt ****
make pre-build main-build 
a9-linaro-pre-build-step
' '
'Building file: ../src/interrupt_counter_tut_2D_fixed.c'
'Invoking: ARM v7 gcc compiler'
arm-none-eabi-gcc -Wall -O0 -g3 -c -fmessage-length=0 -MT"src/interrupt_counter_tut_2D_fixed.o" -mcpu=cortex-a9 -mfpu=vfpv3 -mfloat-abi=hard -I../../timerinterrupt_bsp/ps7_cortexa9_0/include -MMD -MP -MF"src/interrupt_counter_tut_2D_fixed.d" -MT"src/interrupt_counter_tut_2D_fixed.o" -o "src/interrupt_counter_tut_2D_fixed.o" "../src/interrupt_counter_tut_2D_fixed.c"
../src/interrupt_counter_tut_2D_fixed.c: In function 'InterruptSystemSetup':
../src/interrupt_counter_tut_2D_fixed.c:251:2: warning: implicit declaration of function 'Gpio_InterruptEnable' [-Wimplicit-function-declaration]
  Gpio_InterruptEnable(&SWTInst, SWT_INT);
  ^
'Finished building: ../src/interrupt_counter_tut_2D_fixed.c'
' '
'Building target: timerinterrupt.elf'
'Invoking: ARM v7 gcc linker'
arm-none-eabi-gcc -mcpu=cortex-a9 -mfpu=vfpv3 -mfloat-abi=hard -Wl,-build-id=none -specs=Xilinx.spec -Wl,-T -Wl,../src/lscript.ld -L../../timerinterrupt_bsp/ps7_cortexa9_0/lib -o "timerinterrupt.elf"  ./src/interrupt_counter_tut_2D_fixed.o   -Wl,--start-group,-lxil,-lgcc,-lc,--end-group
./src/interrupt_counter_tut_2D_fixed.o: In function `InterruptSystemSetup':
C:\Users\taras\Documents\watch\project_1\project_1.sdk\timerinterrupt\Debug/../src/interrupt_counter_tut_2D_fixed.c:251: undefined reference to `Gpio_InterruptEnable'
collect2.exe: error: ld returned 1 exit status
make: *** [timerinterrupt.elf] Fejl 1
10:09:39 **** Auto Build of project ur_bsp ****
make -k all 
"Running Make include in ps7_cortexa9_0/libsrc/coresightps_dcc_v1_3/src"
make -C ps7_cortexa9_0/libsrc/coresightps_dcc_v1_3/src -s include  "SHELL=CMD" "COMPILER=arm-none-eabi-gcc" "ARCHIVER=arm-none-eabi-ar" "COMPILER_FLAGS=  -O2 -c" "EXTRA_COMPILER_FLAGS=-mcpu=cortex-a9 -mfpu=vfpv3 -mfloat-abi=hard -nostartfiles"
"Running Make include in ps7_cortexa9_0/libsrc/cpu_cortexa9_v2_3/src"
make -C ps7_cortexa9_0/libsrc/cpu_cortexa9_v2_3/src -s include  "SHELL=CMD" "COMPILER=arm-none-eabi-gcc" "ARCHIVER=arm-none-eabi-ar" "COMPILER_FLAGS=  -O2 -c" "EXTRA_COMPILER_FLAGS=-mcpu=cortex-a9 -mfpu=vfpv3 -mfloat-abi=hard -nostartfiles"
"Running Make include in ps7_cortexa9_0/libsrc/ddrps_v1_0/src"
make -C ps7_cortexa9_0/libsrc/ddrps_v1_0/src -s include  "SHELL=CMD" "COMPILER=arm-none-eabi-gcc" "ARCHIVER=arm-none-eabi-ar" "COMPILER_FLAGS=  -O2 -c" "EXTRA_COMPILER_FLAGS=-mcpu=cortex-a9 -mfpu=vfpv3 -mfloat-abi=hard -nostartfiles"
"Running Make include in ps7_cortexa9_0/libsrc/devcfg_v3_4/src"
make -C ps7_cortexa9_0/libsrc/devcfg_v3_4/src -s include  "SHELL=CMD" "COMPILER=arm-none-eabi-gcc" "ARCHIVER=arm-none-eabi-ar" "COMPILER_FLAGS=  -O2 -c" "EXTRA_COMPILER_FLAGS=-mcpu=cortex-a9 -mfpu=vfpv3 -mfloat-abi=hard -nostartfiles"
"Running Make include in ps7_cortexa9_0/libsrc/dmaps_v2_2/src"
make -C ps7_cortexa9_0/libsrc/dmaps_v2_2/src -s include  "SHELL=CMD" "COMPILER=arm-none-eabi-gcc" "ARCHIVER=arm-none-eabi-ar" "COMPILER_FLAGS=  -O2 -c" "EXTRA_COMPILER_FLAGS=-mcpu=cortex-a9 -mfpu=vfpv3 -mfloat-abi=hard -nostartfiles"
"Running Make include in ps7_cortexa9_0/libsrc/emacps_v3_3/src"
make -C ps7_cortexa9_0/libsrc/emacps_v3_3/src -s include  "SHELL=CMD" "COMPILER=arm-none-eabi-gcc" "ARCHIVER=arm-none-eabi-ar" "COMPILER_FLAGS=  -O2 -c" "EXTRA_COMPILER_FLAGS=-mcpu=cortex-a9 -mfpu=vfpv3 -mfloat-abi=hard -nostartfiles"
"Running Make include in ps7_cortexa9_0/libsrc/gpio_v4_2/src"
make -C ps7_cortexa9_0/libsrc/gpio_v4_2/src -s include  "SHELL=CMD" "COMPILER=arm-none-eabi-gcc" "ARCHIVER=arm-none-eabi-ar" "COMPILER_FLAGS=  -O2 -c" "EXTRA_COMPILER_FLAGS=-mcpu=cortex-a9 -mfpu=vfpv3 -mfloat-abi=hard -nostartfiles"
"Running Make include in ps7_cortexa9_0/libsrc/gpiops_v3_1/src"
make -C ps7_cortexa9_0/libsrc/gpiops_v3_1/src -s include  "SHELL=CMD" "COMPILER=arm-none-eabi-gcc" "ARCHIVER=arm-none-eabi-ar" "COMPILER_FLAGS=  -O2 -c" "EXTRA_COMPILER_FLAGS=-mcpu=cortex-a9 -mfpu=vfpv3 -mfloat-abi=hard -nostartfiles"
"Running Make include in ps7_cortexa9_0/libsrc/qspips_v3_3/src"
make -C ps7_cortexa9_0/libsrc/qspips_v3_3/src -s include  "SHELL=CMD" "COMPILER=arm-none-eabi-gcc" "ARCHIVER=arm-none-eabi-ar" "COMPILER_FLAGS=  -O2 -c" "EXTRA_COMPILER_FLAGS=-mcpu=cortex-a9 -mfpu=vfpv3 -mfloat-abi=hard -nostartfiles"
"Running Make include in ps7_cortexa9_0/libsrc/scugic_v3_4/src"
make -C ps7_cortexa9_0/libsrc/scugic_v3_4/src -s include  "SHELL=CMD" "COMPILER=arm-none-eabi-gcc" "ARCHIVER=arm-none-eabi-ar" "COMPILER_FLAGS=  -O2 -c" "EXTRA_COMPILER_FLAGS=-mcpu=cortex-a9 -mfpu=vfpv3 -mfloat-abi=hard -nostartfiles"
"Running Make include in ps7_cortexa9_0/libsrc/scutimer_v2_1/src"
make -C ps7_cortexa9_0/libsrc/scutimer_v2_1/src -s include  "SHELL=CMD" "COMPILER=arm-none-eabi-gcc" "ARCHIVER=arm-none-eabi-ar" "COMPILER_FLAGS=  -O2 -c" "EXTRA_COMPILER_FLAGS=-mcpu=cortex-a9 -mfpu=vfpv3 -mfloat-abi=hard -nostartfiles"
"Running Make include in ps7_cortexa9_0/libsrc/scuwdt_v2_1/src"
make -C ps7_cortexa9_0/libsrc/scuwdt_v2_1/src -s include  "SHELL=CMD" "COMPILER=arm-none-eabi-gcc" "ARCHIVER=arm-none-eabi-ar" "COMPILER_FLAGS=  -O2 -c" "EXTRA_COMPILER_FLAGS=-mcpu=cortex-a9 -mfpu=vfpv3 -mfloat-abi=hard -nostartfiles"
"Running Make include in ps7_cortexa9_0/libsrc/sdps_v3_0/src"
make -C ps7_cortexa9_0/libsrc/sdps_v3_0/src -s include  "SHELL=CMD" "COMPILER=arm-none-eabi-gcc" "ARCHIVER=arm-none-eabi-ar" "COMPILER_FLAGS=  -O2 -c" "EXTRA_COMPILER_FLAGS=-mcpu=cortex-a9 -mfpu=vfpv3 -mfloat-abi=hard -nostartfiles"
"Running Make include in ps7_cortexa9_0/libsrc/standalone_v6_0/src"
make -C ps7_cortexa9_0/libsrc/standalone_v6_0/src -s include  "SHELL=CMD" "COMPILER=arm-none-eabi-gcc" "ARCHIVER=arm-none-eabi-ar" "COMPILER_FLAGS=  -O2 -c" "EXTRA_COMPILER_FLAGS=-mcpu=cortex-a9 -mfpu=vfpv3 -mfloat-abi=hard -nostartfiles"
"Running Make include in ps7_cortexa9_0/libsrc/tmrctr_v4_1/src"
make -C ps7_cortexa9_0/libsrc/tmrctr_v4_1/src -s include  "SHELL=CMD" "COMPILER=arm-none-eabi-gcc" "ARCHIVER=arm-none-eabi-ar" "COMPILER_FLAGS=  -O2 -c" "EXTRA_COMPILER_FLAGS=-mcpu=cortex-a9 -mfpu=vfpv3 -mfloat-abi=hard -nostartfiles"
"Running Make include in ps7_cortexa9_0/libsrc/ttcps_v3_1/src"
make -C ps7_cortexa9_0/libsrc/ttcps_v3_1/src -s include  "SHELL=CMD" "COMPILER=arm-none-eabi-gcc" "ARCHIVER=arm-none-eabi-ar" "COMPILER_FLAGS=  -O2 -c" "EXTRA_COMPILER_FLAGS=-mcpu=cortex-a9 -mfpu=vfpv3 -mfloat-abi=hard -nostartfiles"
"Running Make include in ps7_cortexa9_0/libsrc/uartps_v3_2/src"
make -C ps7_cortexa9_0/libsrc/uartps_v3_2/src -s include  "SHELL=CMD" "COMPILER=arm-none-eabi-gcc" "ARCHIVER=arm-none-eabi-ar" "COMPILER_FLAGS=  -O2 -c" "EXTRA_COMPILER_FLAGS=-mcpu=cortex-a9 -mfpu=vfpv3 -mfloat-abi=hard -nostartfiles"
"Running Make include in ps7_cortexa9_0/libsrc/usbps_v2_4/src"
make -C ps7_cortexa9_0/libsrc/usbps_v2_4/src -s include  "SHELL=CMD" "COMPILER=arm-none-eabi-gcc" "ARCHIVER=arm-none-eabi-ar" "COMPILER_FLAGS=  -O2 -c" "EXTRA_COMPILER_FLAGS=-mcpu=cortex-a9 -mfpu=vfpv3 -mfloat-abi=hard -nostartfiles"
"Running Make include in ps7_cortexa9_0/libsrc/xadcps_v2_2/src"
make -C ps7_cortexa9_0/libsrc/xadcps_v2_2/src -s include  "SHELL=CMD" "COMPILER=arm-none-eabi-gcc" "ARCHIVER=arm-none-eabi-ar" "COMPILER_FLAGS=  -O2 -c" "EXTRA_COMPILER_FLAGS=-mcpu=cortex-a9 -mfpu=vfpv3 -mfloat-abi=hard -nostartfiles"
"Running Make libs in ps7_cortexa9_0/libsrc/coresightps_dcc_v1_3/src"
make -C ps7_cortexa9_0/libsrc/coresightps_dcc_v1_3/src -s libs  "SHELL=CMD" "COMPILER=arm-none-eabi-gcc" "ARCHIVER=arm-none-eabi-ar" "COMPILER_FLAGS=  -O2 -c" "EXTRA_COMPILER_FLAGS=-mcpu=cortex-a9 -mfpu=vfpv3 -mfloat-abi=hard -nostartfiles"
"Compiling coresightps_dcc"
"Running Make libs in ps7_cortexa9_0/libsrc/cpu_cortexa9_v2_3/src"
make -C ps7_cortexa9_0/libsrc/cpu_cortexa9_v2_3/src -s libs  "SHELL=CMD" "COMPILER=arm-none-eabi-gcc" "ARCHIVER=arm-none-eabi-ar" "COMPILER_FLAGS=  -O2 -c" "EXTRA_COMPILER_FLAGS=-mcpu=cortex-a9 -mfpu=vfpv3 -mfloat-abi=hard -nostartfiles"
"Compiling cpu_cortexa9"
"Running Make libs in ps7_cortexa9_0/libsrc/ddrps_v1_0/src"
make -C ps7_cortexa9_0/libsrc/ddrps_v1_0/src -s libs  "SHELL=CMD" "COMPILER=arm-none-eabi-gcc" "ARCHIVER=arm-none-eabi-ar" "COMPILER_FLAGS=  -O2 -c" "EXTRA_COMPILER_FLAGS=-mcpu=cortex-a9 -mfpu=vfpv3 -mfloat-abi=hard -nostartfiles"
"Compiling ddrps"
"Running Make libs in ps7_cortexa9_0/libsrc/devcfg_v3_4/src"
make -C ps7_cortexa9_0/libsrc/devcfg_v3_4/src -s libs  "SHELL=CMD" "COMPILER=arm-none-eabi-gcc" "ARCHIVER=arm-none-eabi-ar" "COMPILER_FLAGS=  -O2 -c" "EXTRA_COMPILER_FLAGS=-mcpu=cortex-a9 -mfpu=vfpv3 -mfloat-abi=hard -nostartfiles"
"Compiling devcfg"
"Running Make libs in ps7_cortexa9_0/libsrc/dmaps_v2_2/src"
make -C ps7_cortexa9_0/libsrc/dmaps_v2_2/src -s libs  "SHELL=CMD" "COMPILER=arm-none-eabi-gcc" "ARCHIVER=arm-none-eabi-ar" "COMPILER_FLAGS=  -O2 -c" "EXTRA_COMPILER_FLAGS=-mcpu=cortex-a9 -mfpu=vfpv3 -mfloat-abi=hard -nostartfiles"
"Compiling dmaps"
"Running Make libs in ps7_cortexa9_0/libsrc/emacps_v3_3/src"
make -C ps7_cortexa9_0/libsrc/emacps_v3_3/src -s libs  "SHELL=CMD" "COMPILER=arm-none-eabi-gcc" "ARCHIVER=arm-none-eabi-ar" "COMPILER_FLAGS=  -O2 -c" "EXTRA_COMPILER_FLAGS=-mcpu=cortex-a9 -mfpu=vfpv3 -mfloat-abi=hard -nostartfiles"
"Compiling emacps"
"Running Make libs in ps7_cortexa9_0/libsrc/gpio_v4_2/src"
make -C ps7_cortexa9_0/libsrc/gpio_v4_2/src -s libs  "SHELL=CMD" "COMPILER=arm-none-eabi-gcc" "ARCHIVER=arm-none-eabi-ar" "COMPILER_FLAGS=  -O2 -c" "EXTRA_COMPILER_FLAGS=-mcpu=cortex-a9 -mfpu=vfpv3 -mfloat-abi=hard -nostartfiles"
"Compiling gpio"
"Running Make libs in ps7_cortexa9_0/libsrc/gpiops_v3_1/src"
make -C ps7_cortexa9_0/libsrc/gpiops_v3_1/src -s libs  "SHELL=CMD" "COMPILER=arm-none-eabi-gcc" "ARCHIVER=arm-none-eabi-ar" "COMPILER_FLAGS=  -O2 -c" "EXTRA_COMPILER_FLAGS=-mcpu=cortex-a9 -mfpu=vfpv3 -mfloat-abi=hard -nostartfiles"
"Compiling gpiops"
"Running Make libs in ps7_cortexa9_0/libsrc/qspips_v3_3/src"
make -C ps7_cortexa9_0/libsrc/qspips_v3_3/src -s libs  "SHELL=CMD" "COMPILER=arm-none-eabi-gcc" "ARCHIVER=arm-none-eabi-ar" "COMPILER_FLAGS=  -O2 -c" "EXTRA_COMPILER_FLAGS=-mcpu=cortex-a9 -mfpu=vfpv3 -mfloat-abi=hard -nostartfiles"
"Compiling qspips"
"Running Make libs in ps7_cortexa9_0/libsrc/scugic_v3_4/src"
make -C ps7_cortexa9_0/libsrc/scugic_v3_4/src -s libs  "SHELL=CMD" "COMPILER=arm-none-eabi-gcc" "ARCHIVER=arm-none-eabi-ar" "COMPILER_FLAGS=  -O2 -c" "EXTRA_COMPILER_FLAGS=-mcpu=cortex-a9 -mfpu=vfpv3 -mfloat-abi=hard -nostartfiles"
"Compiling scugic"
"Running Make libs in ps7_cortexa9_0/libsrc/scutimer_v2_1/src"
make -C ps7_cortexa9_0/libsrc/scutimer_v2_1/src -s libs  "SHELL=CMD" "COMPILER=arm-none-eabi-gcc" "ARCHIVER=arm-none-eabi-ar" "COMPILER_FLAGS=  -O2 -c" "EXTRA_COMPILER_FLAGS=-mcpu=cortex-a9 -mfpu=vfpv3 -mfloat-abi=hard -nostartfiles"
"Compiling scutimer"
"Running Make libs in ps7_cortexa9_0/libsrc/scuwdt_v2_1/src"
make -C ps7_cortexa9_0/libsrc/scuwdt_v2_1/src -s libs  "SHELL=CMD" "COMPILER=arm-none-eabi-gcc" "ARCHIVER=arm-none-eabi-ar" "COMPILER_FLAGS=  -O2 -c" "EXTRA_COMPILER_FLAGS=-mcpu=cortex-a9 -mfpu=vfpv3 -mfloat-abi=hard -nostartfiles"
"Compiling scuwdt"
"Running Make libs in ps7_cortexa9_0/libsrc/sdps_v3_0/src"
make -C ps7_cortexa9_0/libsrc/sdps_v3_0/src -s libs  "SHELL=CMD" "COMPILER=arm-none-eabi-gcc" "ARCHIVER=arm-none-eabi-ar" "COMPILER_FLAGS=  -O2 -c" "EXTRA_COMPILER_FLAGS=-mcpu=cortex-a9 -mfpu=vfpv3 -mfloat-abi=hard -nostartfiles"
"Compiling sdps"
"Running Make libs in ps7_cortexa9_0/libsrc/standalone_v6_0/src"
make -C ps7_cortexa9_0/libsrc/standalone_v6_0/src -s libs  "SHELL=CMD" "COMPILER=arm-none-eabi-gcc" "ARCHIVER=arm-none-eabi-ar" "COMPILER_FLAGS=  -O2 -c" "EXTRA_COMPILER_FLAGS=-mcpu=cortex-a9 -mfpu=vfpv3 -mfloat-abi=hard -nostartfiles"
"Compiling standalone"
"Running Make libs in ps7_cortexa9_0/libsrc/tmrctr_v4_1/src"
make -C ps7_cortexa9_0/libsrc/tmrctr_v4_1/src -s libs  "SHELL=CMD" "COMPILER=arm-none-eabi-gcc" "ARCHIVER=arm-none-eabi-ar" "COMPILER_FLAGS=  -O2 -c" "EXTRA_COMPILER_FLAGS=-mcpu=cortex-a9 -mfpu=vfpv3 -mfloat-abi=hard -nostartfiles"
"Compiling tmrctr"
"Running Make libs in ps7_cortexa9_0/libsrc/ttcps_v3_1/src"
make -C ps7_cortexa9_0/libsrc/ttcps_v3_1/src -s libs  "SHELL=CMD" "COMPILER=arm-none-eabi-gcc" "ARCHIVER=arm-none-eabi-ar" "COMPILER_FLAGS=  -O2 -c" "EXTRA_COMPILER_FLAGS=-mcpu=cortex-a9 -mfpu=vfpv3 -mfloat-abi=hard -nostartfiles"
"Compiling ttcps"
"Running Make libs in ps7_cortexa9_0/libsrc/uartps_v3_2/src"
make -C ps7_cortexa9_0/libsrc/uartps_v3_2/src -s libs  "SHELL=CMD" "COMPILER=arm-none-eabi-gcc" "ARCHIVER=arm-none-eabi-ar" "COMPILER_FLAGS=  -O2 -c" "EXTRA_COMPILER_FLAGS=-mcpu=cortex-a9 -mfpu=vfpv3 -mfloat-abi=hard -nostartfiles"
"Compiling uartps"
"Running Make libs in ps7_cortexa9_0/libsrc/usbps_v2_4/src"
make -C ps7_cortexa9_0/libsrc/usbps_v2_4/src -s libs  "SHELL=CMD" "COMPILER=arm-none-eabi-gcc" "ARCHIVER=arm-none-eabi-ar" "COMPILER_FLAGS=  -O2 -c" "EXTRA_COMPILER_FLAGS=-mcpu=cortex-a9 -mfpu=vfpv3 -mfloat-abi=hard -nostartfiles"
"Compiling usbps"
"Running Make libs in ps7_cortexa9_0/libsrc/xadcps_v2_2/src"
make -C ps7_cortexa9_0/libsrc/xadcps_v2_2/src -s libs  "SHELL=CMD" "COMPILER=arm-none-eabi-gcc" "ARCHIVER=arm-none-eabi-ar" "COMPILER_FLAGS=  -O2 -c" "EXTRA_COMPILER_FLAGS=-mcpu=cortex-a9 -mfpu=vfpv3 -mfloat-abi=hard -nostartfiles"
"Compiling xadcps"
'Finished building libraries'
10:10:06 **** Auto Build of configuration Debug for project ur ****
make pre-build main-build 
a9-linaro-pre-build-step
' '
'Building file: ../src/main_v2_impl.c'
'Invoking: ARM v7 gcc compiler'
arm-none-eabi-gcc -Wall -O0 -g3 -c -fmessage-length=0 -MT"src/main_v2_impl.o" -mcpu=cortex-a9 -mfpu=vfpv3 -mfloat-abi=hard -I../../ur_bsp/ps7_cortexa9_0/include -MMD -MP -MF"src/main_v2_impl.d" -MT"src/main_v2_impl.o" -o "src/main_v2_impl.o" "../src/main_v2_impl.c"
../src/main_v2_impl.c: In function 'printDisplay':
../src/main_v2_impl.c:389:19: warning: passing argument 1 of 'xil_printf' makes pointer from integer without a cast [-Wint-conversion]
        xil_printf(display[j][i]);
                   ^
In file included from ../../ur_bsp/ps7_cortexa9_0/include/xil_io.h:63:0,
                 from ../../ur_bsp/ps7_cortexa9_0/include/xgpio_l.h:87,
                 from ../../ur_bsp/ps7_cortexa9_0/include/xgpio.h:128,
                 from ../src/main_v2_impl.c:9:
../../ur_bsp/ps7_cortexa9_0/include/xil_printf.h:35:6: note: expected 'const char8 * {aka const char *}' but argument is of type 'char'
 void xil_printf( const char8 *ctrl1, ...);
      ^
../src/main_v2_impl.c:384:5: warning: unused variable 'hej' [-Wunused-variable]
 int hej = 2;
     ^
../src/main_v2_impl.c: In function 'setCharDisplay':
../src/main_v2_impl.c:407:8: warning: unused variable 'outputDigit' [-Wunused-variable]
   char outputDigit[7][5];
        ^
'Finished building: ../src/main_v2_impl.c'
' '
'Building target: ur.elf'
'Invoking: ARM v7 gcc linker'
arm-none-eabi-gcc -mcpu=cortex-a9 -mfpu=vfpv3 -mfloat-abi=hard -Wl,-build-id=none -specs=Xilinx.spec -Wl,-T -Wl,../src/lscript.ld -L../../ur_bsp/ps7_cortexa9_0/lib -o "ur.elf"  ./src/main_v2_impl.o   -Wl,--start-group,-lxil,-lgcc,-lc,--end-group
'Finished building target: ur.elf'
' '
'Invoking: ARM v7 Print Size'
arm-none-eabi-size ur.elf  |tee "ur.elf.size"
   text	   data	    bss	    dec	    hex	filename
  29108	   1532	  23192	  53832	   d248	ur.elf
'Finished building: ur.elf.size'
' '
10:13:31 **** Incremental Build of configuration Debug for project hello ****
make pre-build main-build 
a9-linaro-pre-build-step
' '
make: Ingenting at gøre for 'main-build'.
10:13:31 **** Incremental Build of configuration Debug for project timerinterrupt ****
make pre-build main-build 
a9-linaro-pre-build-step
' '
'Building target: timerinterrupt.elf'
'Invoking: ARM v7 gcc linker'
arm-none-eabi-gcc -mcpu=cortex-a9 -mfpu=vfpv3 -mfloat-abi=hard -Wl,-build-id=none -specs=Xilinx.spec -Wl,-T -Wl,../src/lscript.ld -L../../timerinterrupt_bsp/ps7_cortexa9_0/lib -o "timerinterrupt.elf"  ./src/interrupt_counter_tut_2D_fixed.o   -Wl,--start-group,-lxil,-lgcc,-lc,--end-group
./src/interrupt_counter_tut_2D_fixed.o: In function `InterruptSystemSetup':
C:\Users\taras\Documents\watch\project_1\project_1.sdk\timerinterrupt\Debug/../src/interrupt_counter_tut_2D_fixed.c:251: undefined reference to `Gpio_InterruptEnable'
collect2.exe: error: ld returned 1 exit status
make: *** [timerinterrupt.elf] Fejl 1
10:13:32 **** Incremental Build of configuration Debug for project ur ****
make pre-build main-build 
a9-linaro-pre-build-step
' '
make: Ingenting at gøre for 'main-build'.
10:14:56 **** Incremental Build of configuration Debug for project ur ****
make pre-build main-build 
a9-linaro-pre-build-step
' '
make: Ingenting at gøre for 'main-build'.
10:16:21 **** Auto Build of configuration Debug for project timerinterrupt ****
make pre-build main-build 
a9-linaro-pre-build-step
' '
'Building file: ../src/interrupt_counter_tut_2D_fixed.c'
'Invoking: ARM v7 gcc compiler'
arm-none-eabi-gcc -Wall -O0 -g3 -c -fmessage-length=0 -MT"src/interrupt_counter_tut_2D_fixed.o" -mcpu=cortex-a9 -mfpu=vfpv3 -mfloat-abi=hard -I../../timerinterrupt_bsp/ps7_cortexa9_0/include -MMD -MP -MF"src/interrupt_counter_tut_2D_fixed.d" -MT"src/interrupt_counter_tut_2D_fixed.o" -o "src/interrupt_counter_tut_2D_fixed.o" "../src/interrupt_counter_tut_2D_fixed.c"
'Finished building: ../src/interrupt_counter_tut_2D_fixed.c'
' '
'Building target: timerinterrupt.elf'
'Invoking: ARM v7 gcc linker'
arm-none-eabi-gcc -mcpu=cortex-a9 -mfpu=vfpv3 -mfloat-abi=hard -Wl,-build-id=none -specs=Xilinx.spec -Wl,-T -Wl,../src/lscript.ld -L../../timerinterrupt_bsp/ps7_cortexa9_0/lib -o "timerinterrupt.elf"  ./src/interrupt_counter_tut_2D_fixed.o   -Wl,--start-group,-lxil,-lgcc,-lc,--end-group
'Finished building target: timerinterrupt.elf'
' '
'Invoking: ARM v7 Print Size'
arm-none-eabi-size timerinterrupt.elf  |tee "timerinterrupt.elf.size"
   text	   data	    bss	    dec	    hex	filename
  85692	   4220	  23440	 113352	  1bac8	timerinterrupt.elf
'Finished building: timerinterrupt.elf.size'
' '
10:16:41 **** Incremental Build of configuration Debug for project ur ****
make pre-build main-build 
a9-linaro-pre-build-step
' '
make: Ingenting at gøre for 'main-build'.
