10:16:21 **** Auto Build of configuration Debug for project timerinterrupt ****
make pre-build main-build 
a9-linaro-pre-build-step
' '
'Building file: ../src/interrupt_counter_tut_2D_fixed.c'
'Invoking: ARM v7 gcc compiler'
arm-none-eabi-gcc -Wall -O0 -g3 -c -fmessage-length=0 -MT"src/interrupt_counter_tut_2D_fixed.o" -mcpu=cortex-a9 -mfpu=vfpv3 -mfloat-abi=hard -I../../timerinterrupt_bsp/ps7_cortexa9_0/include -MMD -MP -MF"src/interrupt_counter_tut_2D_fixed.d" -MT"src/interrupt_counter_tut_2D_fixed.o" -o "src/interrupt_counter_tut_2D_fixed.o" "../src/interrupt_counter_tut_2D_fixed.c"
'Finished building: ../src/interrupt_counter_tut_2D_fixed.c'
' '
'Building target: timerinterrupt.elf'
'Invoking: ARM v7 gcc linker'
arm-none-eabi-gcc -mcpu=cortex-a9 -mfpu=vfpv3 -mfloat-abi=hard -Wl,-build-id=none -specs=Xilinx.spec -Wl,-T -Wl,../src/lscript.ld -L../../timerinterrupt_bsp/ps7_cortexa9_0/lib -o "timerinterrupt.elf"  ./src/interrupt_counter_tut_2D_fixed.o   -Wl,--start-group,-lxil,-lgcc,-lc,--end-group
'Finished building target: timerinterrupt.elf'
' '
'Invoking: ARM v7 Print Size'
arm-none-eabi-size timerinterrupt.elf  |tee "timerinterrupt.elf.size"
   text	   data	    bss	    dec	    hex	filename
  85692	   4220	  23440	 113352	  1bac8	timerinterrupt.elf
'Finished building: timerinterrupt.elf.size'
' '

10:16:22 Build Finished (took 1s.82ms)

